
 Start         Length     Name                   Class
 0001:00401000 00054354H .text                   CODE
 0002:00456000 00000760H .itext                  ICODE
 0003:00457000 00001AB0H .data                   DATA
 0004:00459000 00004CC8H .bss                    BSS
 0005:00000000 00000034H .tls                    TLS


Detailed map of segments

 0001:00000000 00005505 C=CODE     S=.text    G=(none)   M=System   ACBP=A9
 0001:00005508 00000105 C=CODE     S=.text    G=(none)   M=SysInit  ACBP=A9
 0001:00005610 00000058 C=CODE     S=.text    G=(none)   M=Types    ACBP=A9
 0001:00005668 00000B34 C=CODE     S=.text    G=(none)   M=Windows  ACBP=A9
 0001:0000619C 000002D8 C=CODE     S=.text    G=(none)   M=SysConst ACBP=A9
 0001:00006474 00006725 C=CODE     S=.text    G=(none)   M=SysUtils ACBP=A9
 0001:0000CB9C 000007EE C=CODE     S=.text    G=(none)   M=VarUtils ACBP=A9
 0001:0000D38C 00002990 C=CODE     S=.text    G=(none)   M=Variants ACBP=A9
 0001:0000FD1C 000000F8 C=CODE     S=.text    G=(none)   M=RTLConsts ACBP=A9
 0001:0000FE14 00000887 C=CODE     S=.text    G=(none)   M=TypInfo  ACBP=A9
 0001:0001069C 00009C21 C=CODE     S=.text    G=(none)   M=Classes  ACBP=A9
 0001:0001A2C0 00000191 C=CODE     S=.text    G=(none)   M=Contnrs  ACBP=A9
 0001:0001A454 000013FE C=CODE     S=.text    G=(none)   M=HelpIntfs ACBP=A9
 0001:0001B854 00000772 C=CODE     S=.text    G=(none)   M=MultiMon ACBP=A9
 0001:0001BFC8 0000009E C=CODE     S=.text    G=(none)   M=CommCtrl ACBP=A9
 0001:0001C068 00000210 C=CODE     S=.text    G=(none)   M=Consts   ACBP=A9
 0001:0001C278 0000005D C=CODE     S=.text    G=(none)   M=IniFiles ACBP=A9
 0001:0001C2D8 000005C5 C=CODE     S=.text    G=(none)   M=Registry ACBP=A9
 0001:0001C8A0 000075AE C=CODE     S=.text    G=(none)   M=Graphics ACBP=A9
 0001:00023E50 0000016A C=CODE     S=.text    G=(none)   M=SyncObjs ACBP=A9
 0001:00023FBC 00000B0D C=CODE     S=.text    G=(none)   M=UxTheme  ACBP=A9
 0001:00024ACC 00000194 C=CODE     S=.text    G=(none)   M=DwmApi   ACBP=A9
 0001:00024C60 00000FFF C=CODE     S=.text    G=(none)   M=StdCtrls ACBP=A9
 0001:00025C60 0000003A C=CODE     S=.text    G=(none)   M=Printers ACBP=A9
 0001:00025C9C 00000D76 C=CODE     S=.text    G=(none)   M=GraphUtil ACBP=A9
 0001:00026A14 000003C6 C=CODE     S=.text    G=(none)   M=ExtCtrls ACBP=A9
 0001:00026DDC 00000674 C=CODE     S=.text    G=(none)   M=Dialogs  ACBP=A9
 0001:00027450 0000003A C=CODE     S=.text    G=(none)   M=Clipbrd  ACBP=A9
 0001:0002748C 0000012D C=CODE     S=.text    G=(none)   M=StdActns ACBP=A9
 0001:000275BC 0000030E C=CODE     S=.text    G=(none)   M=FlatSB   ACBP=A9
 0001:000278CC 00000B76 C=CODE     S=.text    G=(none)   M=Themes   ACBP=A9
 0001:00028444 00006A81 C=CODE     S=.text    G=(none)   M=Menus    ACBP=A9
 0001:0002EEC8 00013590 C=CODE     S=.text    G=(none)   M=Controls ACBP=A9
 0001:00042458 000016B5 C=CODE     S=.text    G=(none)   M=ImgList  ACBP=A9
 0001:00043B10 00001332 C=CODE     S=.text    G=(none)   M=ActnList ACBP=A9
 0001:00044E44 0000F03C C=CODE     S=.text    G=(none)   M=Forms    ACBP=A9
 0001:00053E80 000002F9 C=CODE     S=.text    G=(none)   M=Unit1    ACBP=A9
 0001:0005417C 000001D8 C=CODE     S=.text    G=(none)   M=Zeitsteuerung ACBP=A9
 0002:00000000 00000095 C=ICODE    S=.itext   G=(none)   M=System   ACBP=A9
 0002:00000098 00000011 C=ICODE    S=.itext   G=(none)   M=Windows  ACBP=A9
 0002:000000AC 00000088 C=ICODE    S=.itext   G=(none)   M=SysUtils ACBP=A9
 0002:00000134 0000000F C=ICODE    S=.itext   G=(none)   M=VarUtils ACBP=A9
 0002:00000144 000000AA C=ICODE    S=.itext   G=(none)   M=Variants ACBP=A9
 0002:000001F0 00000008 C=ICODE    S=.itext   G=(none)   M=TypInfo  ACBP=A9
 0002:000001F8 00000092 C=ICODE    S=.itext   G=(none)   M=Classes  ACBP=A9
 0002:0000028C 00000008 C=ICODE    S=.itext   G=(none)   M=HelpIntfs ACBP=A9
 0002:00000294 0000000F C=ICODE    S=.itext   G=(none)   M=MultiMon ACBP=A9
 0002:000002A4 00000008 C=ICODE    S=.itext   G=(none)   M=IniFiles ACBP=A9
 0002:000002AC 00000008 C=ICODE    S=.itext   G=(none)   M=Registry ACBP=A9
 0002:000002B4 000000FB C=ICODE    S=.itext   G=(none)   M=Graphics ACBP=A9
 0002:000003B0 0000001B C=ICODE    S=.itext   G=(none)   M=UxTheme  ACBP=A9
 0002:000003CC 00000008 C=ICODE    S=.itext   G=(none)   M=DwmApi   ACBP=A9
 0002:000003D4 00000008 C=ICODE    S=.itext   G=(none)   M=Printers ACBP=A9
 0002:000003DC 00000086 C=ICODE    S=.itext   G=(none)   M=GraphUtil ACBP=A9
 0002:00000464 00000044 C=ICODE    S=.itext   G=(none)   M=ExtCtrls ACBP=A9
 0002:000004A8 0000003D C=ICODE    S=.itext   G=(none)   M=Dialogs  ACBP=A9
 0002:000004E8 00000058 C=ICODE    S=.itext   G=(none)   M=Clipbrd  ACBP=A9
 0002:00000540 0000000F C=ICODE    S=.itext   G=(none)   M=FlatSB   ACBP=A9
 0002:00000550 00000008 C=ICODE    S=.itext   G=(none)   M=Themes   ACBP=A9
 0002:00000558 00000085 C=ICODE    S=.itext   G=(none)   M=Menus    ACBP=A9
 0002:000005E0 0000008F C=ICODE    S=.itext   G=(none)   M=Controls ACBP=A9
 0002:00000670 0000002A C=ICODE    S=.itext   G=(none)   M=ActnList ACBP=A9
 0002:0000069C 00000070 C=ICODE    S=.itext   G=(none)   M=Forms    ACBP=A9
 0002:0000070C 00000053 C=ICODE    S=.itext   G=(none)   M=Zeitsteuerung ACBP=A9
 0003:00000000 00000788 C=DATA     S=.data    G=DGROUP   M=System   ACBP=A9
 0003:00000788 00000020 C=DATA     S=.data    G=DGROUP   M=SysInit  ACBP=A9
 0003:000007A8 00000250 C=DATA     S=.data    G=DGROUP   M=SysUtils ACBP=A9
 0003:000009F8 00000008 C=DATA     S=.data    G=DGROUP   M=VarUtils ACBP=A9
 0003:00000A00 0000008E C=DATA     S=.data    G=DGROUP   M=Variants ACBP=A9
 0003:00000A90 0000000C C=DATA     S=.data    G=DGROUP   M=TypInfo  ACBP=A9
 0003:00000A9C 00000064 C=DATA     S=.data    G=DGROUP   M=Classes  ACBP=A9
 0003:00000B00 00000008 C=DATA     S=.data    G=DGROUP   M=IniFiles ACBP=A9
 0003:00000B08 00000008 C=DATA     S=.data    G=DGROUP   M=Registry ACBP=A9
 0003:00000B10 0000030C C=DATA     S=.data    G=DGROUP   M=Graphics ACBP=A9
 0003:00000E1C 00000008 C=DATA     S=.data    G=DGROUP   M=StdCtrls ACBP=A9
 0003:00000E24 00000004 C=DATA     S=.data    G=DGROUP   M=Printers ACBP=A9
 0003:00000E28 00000450 C=DATA     S=.data    G=DGROUP   M=GraphUtil ACBP=A9
 0003:00001278 00000074 C=DATA     S=.data    G=DGROUP   M=Dialogs  ACBP=A9
 0003:000012EC 00000068 C=DATA     S=.data    G=DGROUP   M=Themes   ACBP=A9
 0003:00001354 000000F4 C=DATA     S=.data    G=DGROUP   M=Menus    ACBP=A9
 0003:00001448 0000013C C=DATA     S=.data    G=DGROUP   M=Controls ACBP=A9
 0003:00001584 00000020 C=DATA     S=.data    G=DGROUP   M=ImgList  ACBP=A9
 0003:000015A4 0000012C C=DATA     S=.data    G=DGROUP   M=Forms    ACBP=A9
 0004:00000000 000027F0 C=BSS      S=.bss     G=DGROUP   M=System   ACBP=A9
 0004:000027F0 0000000C C=BSS      S=.bss     G=DGROUP   M=SysInit  ACBP=A9
 0004:000027FC 00000008 C=BSS      S=.bss     G=DGROUP   M=Windows  ACBP=A9
 0004:00002804 00002108 C=BSS      S=.bss     G=DGROUP   M=SysUtils ACBP=A9
 0004:0000490C 0000005C C=BSS      S=.bss     G=DGROUP   M=VarUtils ACBP=A9
 0004:00004968 00000040 C=BSS      S=.bss     G=DGROUP   M=Variants ACBP=A9
 0004:000049A8 00000004 C=BSS      S=.bss     G=DGROUP   M=TypInfo  ACBP=A9
 0004:000049AC 00000040 C=BSS      S=.bss     G=DGROUP   M=Classes  ACBP=A9
 0004:000049EC 00000008 C=BSS      S=.bss     G=DGROUP   M=HelpIntfs ACBP=A9
 0004:000049F4 00000031 C=BSS      S=.bss     G=DGROUP   M=MultiMon ACBP=A9
 0004:00004A28 00000004 C=BSS      S=.bss     G=DGROUP   M=IniFiles ACBP=A9
 0004:00004A2C 00000004 C=BSS      S=.bss     G=DGROUP   M=Registry ACBP=A9
 0004:00004A30 00000060 C=BSS      S=.bss     G=DGROUP   M=Graphics ACBP=A9
 0004:00004A90 000000D8 C=BSS      S=.bss     G=DGROUP   M=UxTheme  ACBP=A9
 0004:00004B68 00000010 C=BSS      S=.bss     G=DGROUP   M=DwmApi   ACBP=A9
 0004:00004B78 00000004 C=BSS      S=.bss     G=DGROUP   M=Printers ACBP=A9
 0004:00004B7C 00000010 C=BSS      S=.bss     G=DGROUP   M=GraphUtil ACBP=A9
 0004:00004B8C 00000008 C=BSS      S=.bss     G=DGROUP   M=ExtCtrls ACBP=A9
 0004:00004B94 0000000C C=BSS      S=.bss     G=DGROUP   M=Dialogs  ACBP=A9
 0004:00004BA0 0000000C C=BSS      S=.bss     G=DGROUP   M=Clipbrd  ACBP=A9
 0004:00004BAC 00000034 C=BSS      S=.bss     G=DGROUP   M=FlatSB   ACBP=A9
 0004:00004BE0 0000000C C=BSS      S=.bss     G=DGROUP   M=Themes   ACBP=A9
 0004:00004BEC 00000010 C=BSS      S=.bss     G=DGROUP   M=Menus    ACBP=A9
 0004:00004BFC 00000088 C=BSS      S=.bss     G=DGROUP   M=Controls ACBP=A9
 0004:00004C84 00000008 C=BSS      S=.bss     G=DGROUP   M=ImgList  ACBP=A9
 0004:00004C8C 00000004 C=BSS      S=.bss     G=DGROUP   M=ActnList ACBP=A9
 0004:00004C90 00000031 C=BSS      S=.bss     G=DGROUP   M=Forms    ACBP=A9
 0004:00004CC4 00000004 C=BSS      S=.bss     G=DGROUP   M=Unit1    ACBP=A9
 0005:00000000 00000008 C=TLS      S=.tls     G=(none)   M=System   ACBP=A9
 0005:00000008 00000008 C=TLS      S=.tls     G=(none)   M=Classes  ACBP=A9
 0005:00000010 00000024 C=TLS      S=.tls     G=(none)   M=GraphUtil ACBP=A9


  Address             Publics by Name

 0004:00004C8C       ActnList..9
 0001:00043F38       ActnList..TActionLink
 0001:00043B10       ActnList..TContainedAction
 0001:00043E30       ActnList..TCustomAction
 0001:00043C34       ActnList..TCustomActionList
 0001:00043D14       ActnList..TShortCutList
 0002:00000670       ActnList.ActnList
 0001:00044E14       ActnList.Finalization
 0001:00044628       ActnList.TActionLink.IsCaptionLinked
 0001:0004463C       ActnList.TActionLink.IsCheckedLinked
 0001:00044650       ActnList.TActionLink.IsEnabledLinked
 0001:00044664       ActnList.TActionLink.IsGroupIndexLinked
 0001:00044678       ActnList.TActionLink.IsHelpContextLinked
 0001:0004468C       ActnList.TActionLink.IsHelpLinked
 0001:000446A0       ActnList.TActionLink.IsHintLinked
 0001:000446B4       ActnList.TActionLink.IsImageIndexLinked
 0001:000446C8       ActnList.TActionLink.IsShortCutLinked
 0001:000446DC       ActnList.TActionLink.IsVisibleLinked
 0001:000446F0       ActnList.TActionLink.SetAutoCheck
 0001:000446F4       ActnList.TActionLink.SetCaption
 0001:000446F8       ActnList.TActionLink.SetChecked
 0001:000446FC       ActnList.TActionLink.SetEnabled
 0001:00044700       ActnList.TActionLink.SetGroupIndex
 0001:00044704       ActnList.TActionLink.SetHelpContext
 0001:00044708       ActnList.TActionLink.SetHelpKeyword
 0001:0004470C       ActnList.TActionLink.SetHelpType
 0001:00044710       ActnList.TActionLink.SetHint
 0001:00044714       ActnList.TActionLink.SetImageIndex
 0001:00044718       ActnList.TActionLink.SetShortCut
 0001:0004471C       ActnList.TActionLink.SetVisible
 0001:00044008       ActnList.TContainedAction.Destroy
 0001:00044174       ActnList.TContainedAction.Execute
 0001:0004403C       ActnList.TContainedAction.GetIndex
 0001:00044058       ActnList.TContainedAction.GetParentComponent
 0001:00044068       ActnList.TContainedAction.HasParent
 0001:00044054       ActnList.TContainedAction.IsCategoryStored
 0001:00044078       ActnList.TContainedAction.ReadState
 0001:00044120       ActnList.TContainedAction.SetActionList
 0001:000440F4       ActnList.TContainedAction.SetCategory
 0001:000440AC       ActnList.TContainedAction.SetIndex
 0001:00044148       ActnList.TContainedAction.SetParentComponent
 0001:000441CC       ActnList.TContainedAction.Update
 0001:000447C4       ActnList.TCustomAction.AssignTo
 0001:00044720       ActnList.TCustomAction.Create
 0001:00044774       ActnList.TCustomAction.Destroy
 0001:00044CE4       ActnList.TCustomAction.DoHint
 0001:00044D0C       ActnList.TCustomAction.Execute
 0001:00044D70       ActnList.TCustomAction.GetSecondaryShortCuts
 0001:00044D98       ActnList.TCustomAction.HandleShortCut
 0001:00044874       ActnList.TCustomAction.SetCaption
 0001:000448D4       ActnList.TCustomAction.SetChecked
 0001:000449DC       ActnList.TCustomAction.SetEnabled
 0001:00044AC0       ActnList.TCustomAction.SetHelpContext
 0001:00044A58       ActnList.TCustomAction.SetHelpKeyword
 0001:00044B18       ActnList.TCustomAction.SetHint
 0001:00044B78       ActnList.TCustomAction.SetImageIndex
 0001:00044C98       ActnList.TCustomAction.SetName
 0001:00044BD4       ActnList.TCustomAction.SetShortCut
 0001:00044C38       ActnList.TCustomAction.SetVisible
 0001:000443FC       ActnList.TCustomActionList.AddAction
 0001:00044438       ActnList.TCustomActionList.Change
 0001:00044224       ActnList.TCustomActionList.Create
 0001:00044290       ActnList.TCustomActionList.Destroy
 0001:00044544       ActnList.TCustomActionList.ExecuteAction
 0001:00044358       ActnList.TCustomActionList.GetAction
 0001:0004436C       ActnList.TCustomActionList.GetActionCount
 0001:000442E0       ActnList.TCustomActionList.GetChildren
 0001:000443A8       ActnList.TCustomActionList.ImageListChange
 0001:000444A0       ActnList.TCustomActionList.IsShortCut
 0001:000443B4       ActnList.TCustomActionList.Notification
 0001:0004441C       ActnList.TCustomActionList.RemoveAction
 0001:00044328       ActnList.TCustomActionList.SetChildOrder
 0001:00044374       ActnList.TCustomActionList.SetImages
 0001:00044584       ActnList.TCustomActionList.SetState
 0001:00044564       ActnList.TCustomActionList.UpdateAction
 0001:00044DA4       ActnList.TShortCutList.Add
 0001:00044DD0       ActnList.TShortCutList.IndexOfShortCut
 0004:000049B8       Classes..95
 0001:00010B98       Classes..EBitsError
 0001:00010A88       Classes..EClassNotFound
 0001:00010C50       Classes..EComponentError
 0001:000108CC       Classes..EFCreateError
 0001:00010980       Classes..EFilerError
 0001:0001086C       Classes..EFileStreamError
 0001:00010928       Classes..EFOpenError
 0001:00010D08       Classes..EInvalidOperation
 0001:00010B40       Classes..EListError
 0001:00010CAC       Classes..EOutOfResources
 0001:000109D8       Classes..EReadError
 0001:00010AE4       Classes..EResNotFound
 0001:00010810       Classes..EStreamError
 0001:00010BF0       Classes..EStringListError
 0001:00011874       Classes..EThread
 0001:00010A30       Classes..EWriteError
 0001:00011B9C       Classes..TBasicAction
 0001:00011B1C       Classes..TBasicActionLink
 0001:00010E24       Classes..TBits
 0001:00011720       Classes..TClassFinder
 0001:000119BC       Classes..TComponent
 0001:00011414       Classes..TCustomMemoryStream
 0001:0001177C       Classes..TFiler
 0001:0001138C       Classes..TFileStream
 0001:00011314       Classes..THandleStream
 0001:00012A44       Classes..TIntConst
 0001:00010F68       Classes..TInterfacedPersistent
 0001:00010D68       Classes..TList
 0001:00011490       Classes..TMemoryStream
 0001:00010E78       Classes..TPersistent
 0001:00015A4C       Classes..TPropFixup
 0001:00015AC4       Classes..TPropIntfFixup
 0001:000117E0       Classes..TReader
 0001:00011D20       Classes..TRegGroup
 0001:00011D78       Classes..TRegGroups
 0001:0001150C       Classes..TResourceStream
 0001:000112A4       Classes..TStream
 0001:00011698       Classes..TStreamAdapter
 0001:0001118C       Classes..TStringList
 0001:00011054       Classes..TStrings
 0001:00010DCC       Classes..TThreadList
 0001:000129E8       Classes.ActivateClassGroup
 0003:00000A9C       Classes.AddDataModule
 0001:00015D24       Classes.AddFinished
 0001:00015D5C       Classes.AddNotFinished
 0001:000168D0       Classes.AddSubComponentsToLoaded
 0001:0001A134       Classes.AllocateHWnd
 0003:00000AAC       Classes.ApplicationHandleException
 0003:00000AB4       Classes.ApplicationShowException
 0001:00012D40       Classes.BeginGlobalLoading
 0003:00000AD4       Classes.BlockCode
 0001:00011CE4       Classes.Bounds
 0001:0001A070       Classes.CalcJmpOffset
 0001:0001690C       Classes.CheckSubComponents
 0001:00018DE0       Classes.CheckSynchronize
 0002:000001F8       Classes.Classes
 0001:000127AC       Classes.ClassNotFound
 0001:000169EC       Classes.ComponentCreated
 0001:00016A6C       Classes.CreateComponent
 0001:0001A1E8       Classes.DeallocateHWnd
 0001:00018DA0       Classes.DoneThreadSynchronization
 0001:00013B98       Classes.DoWrite
 0001:00012DC8       Classes.EndGlobalLoading
 0001:0001234C       Classes.Error
 0001:00015884       Classes.Error
 0003:00000AC4       Classes.FilerSignature
 0001:0001A210       Classes.Finalization
 0001:0001286C       Classes.FindClass
 0001:00016C1C       Classes.FindExistingComponent
 0001:00012C58       Classes.FindGlobalComponent
 0004:000049C4       Classes.FindGlobalComponentProcs
 0001:00012B00       Classes.FindIdentToInt
 0001:00015C58       Classes.FindNestedComponent
 0001:00017BC0       Classes.FindUniqueName
 0001:00019FDC       Classes.FreeIntConstList
 0001:0001A110       Classes.FreeObjectInstance
 0001:00012818       Classes.GetClass
 0001:000127A0       Classes.GetFieldClassTable
 0004:000049C8       Classes.GlobalFixupList
 0001:00015DA4       Classes.GlobalFixupReferences
 0005:0000000C       Classes.GlobalLists
 0005:00000008       Classes.GlobalLoaded
 0004:000049AC       Classes.GlobalNameSpace
 0001:00012994       Classes.GroupDescendentsWith
 0001:00017390       Classes.HandleException
 0001:00012B7C       Classes.IdentToInt
 0001:00012E24       Classes.InitComponent
 0001:00012ECC       Classes.InitInheritedComponent
 0001:00018D6C       Classes.InitThreadSynchronization
 0004:000049E4       Classes.InstBlockList
 0004:000049E8       Classes.InstFreeList
 0004:000049BC       Classes.IntConstList
 0001:00012CBC       Classes.InternalReadComponentRes
 0001:00012BBC       Classes.IntToIdent
 0001:00011D0C       Classes.InvalidPoint
 0001:00012C98       Classes.IsUniqueGlobalComponentName
 0004:000049B0       Classes.IsUniqueGlobalComponentNameProc
 0001:0001A078       Classes.MakeObjectInstance
 0001:00013534       Classes.Min
 0001:0001A048       Classes.ModuleUnload
 0003:00000AC8       Classes.NilMethod
 0001:00012D98       Classes.NotifyGlobalLoading
 0001:00011C94       Classes.Point
 0001:000120D8       Classes.PointerInModule
 0001:000160C4       Classes.PropertyNotFound
 0001:00017490       Classes.PropPathError
 0001:000160B8       Classes.PropValueError
 0001:00015074       Classes.RaiseException
 0001:00018774       Classes.ReadCustomVariant
 0001:000160A0       Classes.ReadError
 0001:00016A0C       Classes.Recover
 0001:00011CBC       Classes.Rect
 0004:000049C0       Classes.RegGroups
 0001:0001288C       Classes.RegisterClass
 0001:00012C00       Classes.RegisterFindGlobalComponentProc
 0001:00012AD4       Classes.RegisterIntegerConsts
 0003:00000AA4       Classes.RemoveDataModule
 0001:00015F70       Classes.RemoveFixupReferences
 0001:0001601C       Classes.RemoveFixups
 0001:000163B4       Classes.RemoveGlobalFixup
 0001:00018DB8       Classes.ResetSyncEvent
 0001:00013CF8       Classes.ReturnAddr
 0001:0001305C       Classes.ReturnAddr
 0001:00016B7C       Classes.SetCompName
 0001:000160F0       Classes.SetElementValue
 0001:000177E8       Classes.SetInterfaceReference
 0001:00017704       Classes.SetIntIdent
 0001:0001774C       Classes.SetObjectIdent
 0001:00016984       Classes.SetSubComponentState
 0001:0001778C       Classes.SetVariantReference
 0001:00018294       Classes.SkipBinary
 0001:000182C4       Classes.SkipCollection
 0001:0001826C       Classes.SkipList
 0001:00011CAC       Classes.SmallPoint
 0001:00012948       Classes.StartClassGroup
 0001:0001A050       Classes.StdWndProc
 0001:00014E9C       Classes.StringListCompareStrings
 0004:000049B4       Classes.SyncEvent
 0003:00000AD0       Classes.SyncList
 0001:00019A48       Classes.TBasicAction.Change
 0001:000198DC       Classes.TBasicAction.Create
 0001:00019920       Classes.TBasicAction.Destroy
 0001:000199B4       Classes.TBasicAction.Execute
 0001:00019984       Classes.TBasicAction.ExecuteTarget
 0001:00019980       Classes.TBasicAction.HandlesTarget
 0001:00019988       Classes.TBasicAction.Notification
 0001:00019A5C       Classes.TBasicAction.RegisterChanges
 0001:00019AA8       Classes.TBasicAction.SetActionComponent
 0001:000199EC       Classes.TBasicAction.SetOnExecute
 0001:00019A68       Classes.TBasicAction.UnRegisterChanges
 0001:000199D0       Classes.TBasicAction.Update
 0001:000199B0       Classes.TBasicAction.UpdateTarget
 0001:0001982C       Classes.TBasicActionLink.AssignClient
 0001:00019864       Classes.TBasicActionLink.Change
 0001:000197E8       Classes.TBasicActionLink.Create
 0001:00019830       Classes.TBasicActionLink.Destroy
 0001:0001987C       Classes.TBasicActionLink.Execute
 0001:000198C4       Classes.TBasicActionLink.IsOnExecuteLinked
 0001:00019898       Classes.TBasicActionLink.SetAction
 0001:000198C8       Classes.TBasicActionLink.SetOnExecute
 0001:000198D0       Classes.TBasicActionLink.Update
 0001:000134EC       Classes.TBits.Destroy
 0001:0001351C       Classes.TBits.Error
 0001:00013610       Classes.TBits.OpenBit
 0001:000135E4       Classes.TBits.SetBit
 0001:00013540       Classes.TBits.SetSize
 0001:000125BC       Classes.TClassFinder.Create
 0001:000126E8       Classes.TClassFinder.Destroy
 0001:00012718       Classes.TClassFinder.GetClass
 0001:00013910       Classes.TCollection.Add
 0001:00013930       Classes.TCollection.Clear
 0001:00019080       Classes.TComponent.BeforeDestruction
 0001:000195B8       Classes.TComponent.ChangeName
 0001:00018FB8       Classes.TComponent.Create
 0001:00019348       Classes.TComponent.DefineProperties
 0001:00019004       Classes.TComponent.Destroy
 0001:00019210       Classes.TComponent.DestroyComponents
 0001:0001926C       Classes.TComponent.Destroying
 0001:000196F4       Classes.TComponent.ExecuteAction
 0001:000194D8       Classes.TComponent.FindComponent
 0001:0001908C       Classes.TComponent.FreeNotification
 0001:000193DC       Classes.TComponent.GetChildOwner
 0001:000193E0       Classes.TComponent.GetChildParent
 0001:000193D4       Classes.TComponent.GetChildren
 0001:000195CC       Classes.TComponent.GetComponent
 0001:000195F8       Classes.TComponent.GetComponentCount
 0001:000193E4       Classes.TComponent.GetNamePath
 0001:000193F8       Classes.TComponent.GetOwner
 0001:00019400       Classes.TComponent.GetParentComponent
 0001:000193D0       Classes.TComponent.HasParent
 0001:00019120       Classes.TComponent.Insert
 0001:00019174       Classes.TComponent.InsertComponent
 0001:000197E4       Classes.TComponent.IntfGetComponent
 0001:00019420       Classes.TComponent.Loaded
 0001:000192E8       Classes.TComponent.Notification
 0001:0001942C       Classes.TComponent.PaletteCreated
 0001:00019764       Classes.TComponent.QueryInterface
 0001:000190E0       Classes.TComponent.ReadLeft
 0001:00019430       Classes.TComponent.ReadState
 0001:000190F4       Classes.TComponent.ReadTop
 0001:0001914C       Classes.TComponent.Remove
 0001:000191D8       Classes.TComponent.RemoveComponent
 0001:000192CC       Classes.TComponent.RemoveFreeNotification
 0001:000192A8       Classes.TComponent.RemoveNotification
 0001:00019744       Classes.TComponent.SafeCallException
 0001:000193FC       Classes.TComponent.SetChildOrder
 0001:00019608       Classes.TComponent.SetComponentIndex
 0001:0001965C       Classes.TComponent.SetDesigning
 0001:00019528       Classes.TComponent.SetName
 0001:00019404       Classes.TComponent.SetParentComponent
 0001:000196AC       Classes.TComponent.SetReference
 0001:0001971C       Classes.TComponent.UpdateAction
 0001:00019414       Classes.TComponent.Updated
 0001:0001975C       Classes.TComponent.UpdateRegistry
 0001:00019408       Classes.TComponent.Updating
 0001:000194C0       Classes.TComponent.ValidateContainer
 0001:000194D4       Classes.TComponent.ValidateInsert
 0001:00019440       Classes.TComponent.ValidateRename
 0001:00019108       Classes.TComponent.WriteLeft
 0001:00019438       Classes.TComponent.WriteState
 0001:00019114       Classes.TComponent.WriteTop
 0001:000197A4       Classes.TComponent._AddRef
 0001:000197C4       Classes.TComponent._Release
 0001:00015630       Classes.TCustomMemoryStream.Read
 0001:00015668       Classes.TCustomMemoryStream.Seek
 0001:00015628       Classes.TCustomMemoryStream.SetPointer
 0001:000159D8       Classes.TFiler.Create
 0001:00015A20       Classes.TFiler.Destroy
 0001:00015A48       Classes.TFiler.SetRoot
 0001:00015480       Classes.TFileStream.Create
 0001:0001543C       Classes.TFileStream.Create
 0001:000155F4       Classes.TFileStream.Destroy
 0001:00015378       Classes.THandleStream.Create
 0001:000153B4       Classes.THandleStream.Read
 0001:000153D4       Classes.THandleStream.Seek
 0001:00015414       Classes.THandleStream.SetSize
 0001:00015400       Classes.THandleStream.SetSize
 0001:000153C4       Classes.THandleStream.Write
 0004:000049CC       Classes.ThreadLock
 0001:00012A9C       Classes.TIntConst.Create
 0001:00013858       Classes.TInterfacedPersistent.AfterConstruction
 0001:000138E8       Classes.TInterfacedPersistent.QueryInterface
 0001:000138A8       Classes.TInterfacedPersistent._AddRef
 0001:000138C8       Classes.TInterfacedPersistent._Release
 0001:00012FB4       Classes.TList.Add
 0001:00012FE8       Classes.TList.Clear
 0001:00013000       Classes.TList.Delete
 0001:00012F94       Classes.TList.Destroy
 0001:00013060       Classes.TList.Error
 0001:00013098       Classes.TList.Error
 0001:000130EC       Classes.TList.Expand
 0001:00013104       Classes.TList.First
 0001:0001310C       Classes.TList.Get
 0001:00013134       Classes.TList.Grow
 0001:00013168       Classes.TList.IndexOf
 0001:00013188       Classes.TList.Insert
 0001:000131F4       Classes.TList.Last
 0001:00013320       Classes.TList.Notify
 0001:00013200       Classes.TList.Put
 0001:00013250       Classes.TList.Remove
 0001:00013270       Classes.TList.SetCapacity
 0001:000132AC       Classes.TList.SetCount
 0001:000156B8       Classes.TMemoryStream.Clear
 0001:0001568C       Classes.TMemoryStream.Destroy
 0001:000156D0       Classes.TMemoryStream.LoadFromStream
 0001:0001575C       Classes.TMemoryStream.Realloc
 0001:00015708       Classes.TMemoryStream.SetCapacity
 0001:00015730       Classes.TMemoryStream.SetSize
 0001:000157DC       Classes.TMemoryStream.Write
 0001:000136B4       Classes.TPersistent.Assign
 0001:000136C8       Classes.TPersistent.AssignError
 0001:00013798       Classes.TPersistent.AssignTo
 0001:000137A0       Classes.TPersistent.DefineProperties
 0001:00013688       Classes.TPersistent.Destroy
 0001:000137A4       Classes.TPersistent.GetNamePath
 0001:00013854       Classes.TPersistent.GetOwner
 0001:00015B24       Classes.TPropFixup.Create
 0001:00015B7C       Classes.TPropFixup.MakeGlobalReference
 0001:00015BC4       Classes.TPropFixup.ResolveReference
 0001:00015BD4       Classes.TPropIntfFixup.ResolveReference
 0001:00016144       Classes.TReader.CheckValue
 0001:000161A4       Classes.TReader.DefineBinaryProperty
 0001:00016168       Classes.TReader.DefineProperty
 0001:00016108       Classes.TReader.Destroy
 0001:00016430       Classes.TReader.DoFixupReferences
 0001:0001628C       Classes.TReader.EndOfList
 0001:000162A0       Classes.TReader.Error
 0001:000185C0       Classes.TReader.FindAncestorComponent
 0001:000186B8       Classes.TReader.FindComponentClass
 0001:0001634C       Classes.TReader.FindMethod
 0001:000162C4       Classes.TReader.FindMethodInstance
 0001:00016574       Classes.TReader.FlushBuffer
 0001:00016598       Classes.TReader.FreeFixups
 0001:000165D4       Classes.TReader.GetFieldClass
 0001:0001666C       Classes.TReader.GetPosition
 0001:00016684       Classes.TReader.NextValue
 0001:00016694       Classes.TReader.PropertyError
 0001:000166A8       Classes.TReader.Read
 0001:00016730       Classes.TReader.ReadBoolean
 0001:000166F4       Classes.TReader.ReadBuffer
 0001:00016744       Classes.TReader.ReadChar
 0001:00016800       Classes.TReader.ReadCollection
 0001:00016CC0       Classes.TReader.ReadComponent
 0001:00017100       Classes.TReader.ReadCurrency
 0001:00016F00       Classes.TReader.ReadData
 0001:00016F70       Classes.TReader.ReadDataInner
 0001:00017150       Classes.TReader.ReadDate
 0001:00017078       Classes.TReader.ReadDouble
 0001:00017040       Classes.TReader.ReadFloat
 0001:00017194       Classes.TReader.ReadIdent
 0001:000172FC       Classes.TReader.ReadInt64
 0001:00017290       Classes.TReader.ReadInteger
 0001:00017340       Classes.TReader.ReadListBegin
 0001:00017348       Classes.TReader.ReadListEnd
 0001:00017350       Classes.TReader.ReadPrefix
 0001:000174AC       Classes.TReader.ReadProperty
 0001:000178A8       Classes.TReader.ReadPropValue
 0001:00017C20       Classes.TReader.ReadRootComponent
 0001:00017F54       Classes.TReader.ReadSet
 0001:00018010       Classes.TReader.ReadSignature
 0001:000170BC       Classes.TReader.ReadSingle
 0001:00018034       Classes.TReader.ReadStr
 0001:00018070       Classes.TReader.ReadString
 0001:00018210       Classes.TReader.ReadValue
 0001:0001893C       Classes.TReader.ReadVariant
 0001:000167A4       Classes.TReader.ReadWideChar
 0001:0001812C       Classes.TReader.ReadWideString
 0001:00018678       Classes.TReader.ReferenceName
 0001:00018690       Classes.TReader.SetName
 0001:0001872C       Classes.TReader.SkipBytes
 0001:00018518       Classes.TReader.SkipComponent
 0001:000184D0       Classes.TReader.SkipProperty
 0001:00018224       Classes.TReader.SkipSetBody
 0001:00018320       Classes.TReader.SkipValue
 0001:00011DD0       Classes.TRegGroup.AddClass
 0001:00011DDC       Classes.TRegGroup.BestClass
 0001:00011E3C       Classes.TRegGroup.BestGroup
 0001:00011EAC       Classes.TRegGroup.Create
 0001:00011F08       Classes.TRegGroup.Destroy
 0001:00011F48       Classes.TRegGroup.GetClass
 0001:00011FB0       Classes.TRegGroup.InGroup
 0001:00011FF4       Classes.TRegGroup.RegisterClass
 0001:000120B4       Classes.TRegGroup.Registered
 0001:000120F8       Classes.TRegGroup.UnregisterModuleClasses
 0001:000121A4       Classes.TRegGroups.Activate
 0001:000121F0       Classes.TRegGroups.Create
 0001:00012264       Classes.TRegGroups.Destroy
 0001:000122C4       Classes.TRegGroups.FindGroup
 0001:00012308       Classes.TRegGroups.GetClass
 0001:000123DC       Classes.TRegGroups.GroupWith
 0001:000124A8       Classes.TRegGroups.Lock
 0001:000124B4       Classes.TRegGroups.RegisterClass
 0001:000124CC       Classes.TRegGroups.Registered
 0001:00012510       Classes.TRegGroups.StartGroup
 0001:00012560       Classes.TRegGroups.Unlock
 0001:0001256C       Classes.TRegGroups.UnregisterModuleClasses
 0001:0001582C       Classes.TResourceStream.Create
 0001:00015990       Classes.TResourceStream.Destroy
 0001:00015924       Classes.TResourceStream.Initialize
 0001:000159C0       Classes.TResourceStream.Write
 0001:00015224       Classes.TStream.CopyFrom
 0001:00014F88       Classes.TStream.GetPosition
 0001:00014FBC       Classes.TStream.GetSize
 0001:000151B4       Classes.TStream.ReadBuffer
 0001:00015318       Classes.TStream.ReadComponent
 0001:000150C0       Classes.TStream.Seek
 0001:00015144       Classes.TStream.Seek
 0001:00014FA8       Classes.TStream.SetPosition
 0001:00015020       Classes.TStream.SetSize
 0001:00015008       Classes.TStream.SetSize
 0001:0001500C       Classes.TStream.SetSize64
 0001:000151EC       Classes.TStream.WriteBuffer
 0001:00019FC4       Classes.TStreamAdapter.Clone
 0001:00019F18       Classes.TStreamAdapter.Commit
 0001:00019D10       Classes.TStreamAdapter.CopyTo
 0001:00019AD4       Classes.TStreamAdapter.Create
 0001:00019B20       Classes.TStreamAdapter.Destroy
 0001:00019F30       Classes.TStreamAdapter.LockRegion
 0001:00019B58       Classes.TStreamAdapter.Read
 0001:00019F24       Classes.TStreamAdapter.Revert
 0001:00019C28       Classes.TStreamAdapter.Seek
 0001:00019CAC       Classes.TStreamAdapter.SetSize
 0001:00019F48       Classes.TStreamAdapter.Stat
 0001:00019F3C       Classes.TStreamAdapter.UnlockRegion
 0001:00019BC0       Classes.TStreamAdapter.Write
 0001:00014908       Classes.TStringList.Add
 0001:00014918       Classes.TStringList.AddObject
 0001:0001497C       Classes.TStringList.Changed
 0001:00014998       Classes.TStringList.Changing
 0001:000149B4       Classes.TStringList.Clear
 0001:00014F04       Classes.TStringList.CompareStrings
 0001:00014ECC       Classes.TStringList.CustomSort
 0001:000149F4       Classes.TStringList.Delete
 0001:000148AC       Classes.TStringList.Destroy
 0001:00014A60       Classes.TStringList.Exchange
 0001:00014ABC       Classes.TStringList.ExchangeItems
 0001:00014AE0       Classes.TStringList.Find
 0001:00014B64       Classes.TStringList.Get
 0001:00014B98       Classes.TStringList.GetCapacity
 0001:00014B9C       Classes.TStringList.GetCount
 0001:00014BA0       Classes.TStringList.GetObject
 0001:00014BC8       Classes.TStringList.Grow
 0001:00014BFC       Classes.TStringList.IndexOf
 0001:00014C38       Classes.TStringList.Insert
 0001:00014C9C       Classes.TStringList.InsertItem
 0001:00014C48       Classes.TStringList.InsertObject
 0001:00014D18       Classes.TStringList.Put
 0001:00014D74       Classes.TStringList.PutObject
 0001:00014DB4       Classes.TStringList.QuickSort
 0001:00014E48       Classes.TStringList.SetCapacity
 0001:00014E64       Classes.TStringList.SetSorted
 0001:00014E84       Classes.TStringList.SetUpdateState
 0001:00014EBC       Classes.TStringList.Sort
 0001:000139C8       Classes.TStrings.Add
 0001:000139EC       Classes.TStrings.AddObject
 0001:00013A10       Classes.TStrings.AddStrings
 0001:00013AC8       Classes.TStrings.Assign
 0001:00013B80       Classes.TStrings.BeginUpdate
 0001:00014834       Classes.TStrings.CompareStrings
 0001:00013BF0       Classes.TStrings.DefineProperties
 0001:00013998       Classes.TStrings.Destroy
 0001:00013C3C       Classes.TStrings.EndUpdate
 0001:00013C50       Classes.TStrings.Equals
 0001:00013D34       Classes.TStrings.Error
 0001:00013CFC       Classes.TStrings.Error
 0001:00013D8C       Classes.TStrings.Exchange
 0001:00013E78       Classes.TStrings.GetCapacity
 0001:000147D4       Classes.TStrings.GetLineBreak
 0001:00014878       Classes.TStrings.GetNameValueSeparator
 0001:00013E80       Classes.TStrings.GetObject
 0001:00013E84       Classes.TStrings.GetText
 0001:00013ED8       Classes.TStrings.GetTextStr
 0001:00014010       Classes.TStrings.IndexOf
 0001:0001409C       Classes.TStrings.IndexOfName
 0001:00014170       Classes.TStrings.IndexOfObject
 0001:000141A4       Classes.TStrings.InsertObject
 0001:000141D4       Classes.TStrings.LoadFromFile
 0001:00014228       Classes.TStrings.LoadFromStream
 0001:000142D4       Classes.TStrings.Move
 0001:00014384       Classes.TStrings.Put
 0001:000143B4       Classes.TStrings.PutObject
 0001:000143B8       Classes.TStrings.ReadData
 0001:00014468       Classes.TStrings.SaveToFile
 0001:000144C0       Classes.TStrings.SaveToStream
 0001:00014520       Classes.TStrings.SetCapacity
 0001:00014808       Classes.TStrings.SetLineBreak
 0001:00014890       Classes.TStrings.SetNameValueSeparator
 0001:00014524       Classes.TStrings.SetStringsAdapter
 0001:00014558       Classes.TStrings.SetText
 0001:000145A8       Classes.TStrings.SetTextStr
 0001:0001474C       Classes.TStrings.SetUpdateState
 0001:00014750       Classes.TStrings.WriteData
 0001:000133F4       Classes.TThreadList.Add
 0001:00013324       Classes.TThreadList.Create
 0001:00013378       Classes.TThreadList.Destroy
 0001:0001347C       Classes.TThreadList.LockList
 0001:00013490       Classes.TThreadList.Remove
 0001:000134E0       Classes.TThreadList.UnlockList
 0001:00018B5C       Classes.TWriter.Write
 0001:00018BC0       Classes.TWriter.WriteBoolean
 0001:00018BA8       Classes.TWriter.WriteBuffer
 0001:00018BD4       Classes.TWriter.WriteInteger
 0001:00018C48       Classes.TWriter.WriteListBegin
 0001:00018C50       Classes.TWriter.WriteListEnd
 0001:00018C58       Classes.TWriter.WriteMinStr
 0001:00018D04       Classes.TWriter.WriteString
 0001:00018D58       Classes.TWriter.WriteValue
 0001:00012C40       Classes.UnregisterFindGlobalComponentProc
 0001:000128FC       Classes.UnRegisterModuleClasses
 0003:00000AD8       Classes.UtilWindowClass
 0001:00018DC4       Classes.WaitForSyncEvent
 0003:00000ABC       Classes.WakeMainThread
 0004:00004BA4       Clipbrd..2
 0004:00004BA2       Clipbrd.CF_COMPONENT
 0004:00004BA0       Clipbrd.CF_PICTURE
 0002:000004E8       Clipbrd.Clipbrd
 0004:00004BA8       Clipbrd.FClipboard
 0001:00027450       Clipbrd.Finalization
 0001:0001BFE0       CommCtrl.ImageList_Add
 0001:0001C010       CommCtrl.ImageList_BeginDrag
 0001:0001BFC8       CommCtrl.ImageList_Create
 0001:0001BFD0       CommCtrl.ImageList_Destroy
 0001:0001C020       CommCtrl.ImageList_DragEnter
 0001:0001C028       CommCtrl.ImageList_DragLeave
 0001:0001C030       CommCtrl.ImageList_DragMove
 0001:0001C038       CommCtrl.ImageList_DragShowNolock
 0001:0001BFF8       CommCtrl.ImageList_Draw
 0001:0001C000       CommCtrl.ImageList_DrawEx
 0001:0001C018       CommCtrl.ImageList_EndDrag
 0001:0001BFF0       CommCtrl.ImageList_GetBkColor
 0001:0001C050       CommCtrl.ImageList_GetIconSize
 0001:0001BFD8       CommCtrl.ImageList_GetImageCount
 0001:0001C040       CommCtrl.ImageList_Read
 0001:0001C008       CommCtrl.ImageList_Remove
 0001:0001BFE8       CommCtrl.ImageList_SetBkColor
 0001:0001C058       CommCtrl.ImageList_SetIconSize
 0001:0001C048       CommCtrl.ImageList_Write
 0001:0001C060       CommCtrl._TrackMouseEvent
 0001:0001A2C0       Contnrs..TOrderedList
 0001:0001A328       Contnrs..TStack
 0001:0001A3A0       Contnrs.TOrderedList.Create
 0001:0001A3E4       Contnrs.TOrderedList.Destroy
 0001:0001A414       Contnrs.TOrderedList.PeekItem
 0001:0001A388       Contnrs.TOrderedList.Pop
 0001:0001A428       Contnrs.TOrderedList.PopItem
 0001:0001A390       Contnrs.TOrderedList.Push
 0001:0001A448       Contnrs.TStack.PushItem
 0004:00004C0C       Controls..33
 0001:0002EFFC       Controls..TBaseDragControlObject
 0001:00030388       Controls..TControl
 0001:0002F4CC       Controls..TControlActionLink
 0001:0002F344       Controls..TControlCanvas
 0001:00030E98       Controls..TCustomControl
 0001:0002F3E4       Controls..TCustomControlAction
 0001:000312E0       Controls..TDockTree
 0001:00031194       Controls..TDockZone
 0001:0002F0C0       Controls..TDragControlObject
 0001:0002F14C       Controls..TDragControlObjectEx
 0001:0002F1DC       Controls..TDragDockObject
 0001:0002F2A4       Controls..TDragDockObjectEx
 0001:0002EF58       Controls..TDragObject
 0001:00031004       Controls..THintWindow
 0001:0002F91C       Controls..TMargins
 0001:00031384       Controls..TMouse
 0001:0002FA34       Controls..TPadding
 0001:000318D4       Controls..TSiteList
 0001:0002F7D0       Controls..TSizeConstraints
 0001:00030A88       Controls..TWinControl
 0001:000307F8       Controls..TWinControlActionLink
 0001:00031F44       Controls.AbsMin
 0004:00004C40       Controls.ActiveDrag
 0001:000382AC       Controls.AlignWork
 0003:00001454       Controls.AnchorAlign
 0003:00001448       Controls.AnimateWindowProc
 0003:00001550       Controls.AnimationStyle
 0001:00034EB4       Controls.BackgroundClipped
 0001:000415C4       Controls.CalcSplitterPos
 0001:00032FE8       Controls.CancelDrag
 0004:00004C54       Controls.CanvasList
 0003:0000150C       Controls.CaptureControl
 0001:00032C50       Controls.CheckUndock
 0001:0003E44C       Controls.ClientToWindow
 0004:00004C12       Controls.ControlAtom
 0004:00004C18       Controls.ControlAtomString
 0002:000005E0       Controls.Controls
 0003:0000144C       Controls.CreationControl
 0003:00001548       Controls.Ctl3DStyles
 0003:0000145C       Controls.Cursors
 0001:0003176C       Controls.CursorToIdent
 0003:00001450       Controls.DefaultDockTreeClass
 0001:00039238       Controls.DestroyChildWindow
 0001:00038120       Controls.DoAlign
 0001:0003CF68       Controls.DoCalcConstraints
 0004:00004C48       Controls.DockSiteList
 0001:0003A01C       Controls.DoControlMsg
 0001:00032558       Controls.DoDragOver
 0001:0003F0CC       Controls.DoFindControlZone
 0001:0003F7F4       Controls.DoFindZone
 0001:0003F150       Controls.DoForEach
 0001:00040D98       Controls.DoGetNextLimit
 0001:00041DD0       Controls.DoneControls
 0001:000380D8       Controls.DoPosition
 0001:000402A8       Controls.DoPrune
 0001:000407BC       Controls.DoSaveZone
 0001:00040A80       Controls.DoSetNewBounds
 0001:00038EE4       Controls.DoWriteDesignSize
 0001:00036228       Controls.DoWriteExplicit
 0001:000361F4       Controls.DoWriteIsControl
 0004:00004C2C       Controls.DragCapture
 0004:00004C20       Controls.DragControl
 0001:00032CC4       Controls.DragDone
 0001:00032508       Controls.DragFindTarget
 0001:000324DC       Controls.DragFindWindow
 0004:00004C44       Controls.DragImageList
 0001:0003291C       Controls.DragInit
 0001:00032A8C       Controls.DragInitControl
 0004:00004C28       Controls.DragInternalObject
 0001:00032424       Controls.DragMessage
 0004:00004C24       Controls.DragObject
 0004:00004C50       Controls.DragSave
 0004:00004C38       Controls.DragSaveCursor
 0004:00004C30       Controls.DragStartPos
 0004:00004C3C       Controls.DragThreshold
 0001:00032634       Controls.DragTo
 0001:0003FD2C       Controls.DrawCloseButton
 0001:0003FDC0       Controls.DrawGrabberLine
 0001:0003FE48       Controls.DrawThemedGrabber
 0001:0003A4C8       Controls.DrawThemeEdge
 0003:00001538       Controls.EdgeStyles
 0001:000423F0       Controls.Finalization
 0001:0003151C       Controls.FindControl
 0001:00033034       Controls.FindDragTarget
 0001:00033000       Controls.FindVCLWindow
 0001:000330F8       Controls.FreeDeviceContext
 0001:000331B4       Controls.FreeDeviceContexts
 0001:00031868       Controls.GetCaptureControl
 0001:00037F48       Controls.GetClientSize
 0001:00039664       Controls.GetControlAtPos
 0001:00040E78       Controls.GetDockAlign
 0001:00032274       Controls.GetDockSiteAtPos
 0001:00032594       Controls.GetDropCtl
 0001:0003EDFC       Controls.GetLastChildZone
 0001:000317D0       Controls.GetLongHint
 0001:0003178C       Controls.GetShortHint
 0001:00031974       Controls.GetTopParent
 0001:00040EF4       Controls.HideZone
 0001:0003177C       Controls.IdentToCursor
 0003:00001578       Controls.IMM32DLL
 0001:00041DBC       Controls.Imm32IsIME
 0001:00041E58       Controls.InitControls
 0001:00041A60       Controls.InitIMM32
 0001:000313D8       Controls.InitWndProc
 0003:00001518       Controls.InnerStyles
 0001:00037FA8       Controls.InsertBefore
 0001:00032028       Controls.IsBeforeTargetWindow
 0001:0003247C       Controls.IsDelphiHandle
 0001:0003E830       Controls.IsOrientationSet
 0001:00032230       Controls.IsSiteChildOfClient
 0001:00031578       Controls.IsVCLControl
 0004:00004C00       Controls.IsVCLControlHook
 0001:00033080       Controls.ListAdd
 0001:000330A8       Controls.ListRemove
 0003:00001564       Controls.MakeLast
 0001:00037330       Controls.MinVar
 0003:0000157C       Controls.ModeMap
 0004:00004BFC       Controls.Mouse
 0001:000330C8       Controls.MoveWindowOrg
 0004:00004C08       Controls.NewStyleControls
 0001:0003E814       Controls.NextVisibleZone
 0001:000314E8       Controls.ObjectFromHWnd
 0003:0000155C       Controls.OrientArray
 0003:00001528       Controls.OuterStyles
 0001:0003EC24       Controls.ParentNotLast
 0001:00031814       Controls.PerformEraseBackground
 0001:00038ED0       Controls.PointsEqual
 0004:00004C4C       Controls.QualifyingSites
 0001:0003F990       Controls.ReadControlName
 0001:000323C8       Controls.RegisterDockSite
 0004:00004C1C       Controls.RM_GetObjectInstance
 0001:000315A8       Controls.SendAppMessage
 0001:00031890       Controls.SetCaptureControl
 0001:00041CE4       Controls.SetImeMode
 0001:00036CB0       Controls.SetParentColor
 0003:00001510       Controls.ShowFlags
 0001:00040F74       Controls.ShowZone
 0003:00001570       Controls.SizeCursors
 0001:00031D44       Controls.TBaseDragControlObject.Assign
 0001:00031D20       Controls.TBaseDragControlObject.Create
 0001:00031D70       Controls.TBaseDragControlObject.EndDrag
 0001:00031D94       Controls.TBaseDragControlObject.Finished
 0001:00037060       Controls.TControl.ActionChange
 0001:00037450       Controls.TControl.AdjustSize
 0001:00037284       Controls.TControl.AssignTo
 0001:00035208       Controls.TControl.BeginAutoDrag
 0001:00035224       Controls.TControl.BeginDrag
 0001:00034D4C       Controls.TControl.BringToFront
 0001:00035C6C       Controls.TControl.CalcCursorPos
 0001:00035DD4       Controls.TControl.CalcDockSizes
 0001:00035B6C       Controls.TControl.CanAutoSize
 0001:00035B70       Controls.TControl.CanResize
 0001:000346C4       Controls.TControl.ChangeScale
 0001:000367E4       Controls.TControl.CheckNewSize
 0001:000365D8       Controls.TControl.Click
 0001:0003454C       Controls.TControl.ClientToScreen
 0001:00036DB8       Controls.TControl.CMBiDiModeChanged
 0001:00036CA0       Controls.TControl.CMColorChanged
 0001:00036EE8       Controls.TControl.CMDesignHitTest
 0001:00036C80       Controls.TControl.CMEnabledChanged
 0001:00037000       Controls.TControl.CMFloat
 0001:00036C90       Controls.TControl.CMFontChanged
 0001:0003749C       Controls.TControl.CMHintShow
 0001:00036E68       Controls.TControl.CMHitTest
 0001:00037650       Controls.TControl.CMMouseActivate
 0001:00036E70       Controls.TControl.CMMouseEnter
 0001:00036EAC       Controls.TControl.CMMouseLeave
 0001:00036D48       Controls.TControl.CMMouseWheel
 0001:00036D24       Controls.TControl.CMParentBiDiModeChanged
 0001:00036CE8       Controls.TControl.CMParentColorChanged
 0001:00036E14       Controls.TControl.CMParentFontChanged
 0001:00036DD8       Controls.TControl.CMParentShowHintChanged
 0001:00036E44       Controls.TControl.CMSysFontChanged
 0001:00036C58       Controls.TControl.CMVisibleChanged
 0001:00035C3C       Controls.TControl.ConstrainedResize
 0001:00033924       Controls.TControl.Create
 0001:00036EF0       Controls.TControl.CreateFloatingDockSite
 0001:00036644       Controls.TControl.DblClick
 0001:000356AC       Controls.TControl.DefaultDockImage
 0001:0003614C       Controls.TControl.DefaultHandler
 0001:00036448       Controls.TControl.DefineProperties
 0001:00035C98       Controls.TControl.DesignWndProc
 0001:00033A1C       Controls.TControl.Destroy
 0001:00037160       Controls.TControl.DoActionChange
 0001:00035BA0       Controls.TControl.DoCanAutoSize
 0001:00035C0C       Controls.TControl.DoCanResize
 0001:0003421C       Controls.TControl.Dock
 0001:000354A8       Controls.TControl.DockTrackNoTarget
 0001:00035CCC       Controls.TControl.DoConstrainedResize
 0001:00035B5C       Controls.TControl.DoConstraintsChange
 0001:00037610       Controls.TControl.DoContextPopup
 0001:0003434C       Controls.TControl.DoDock
 0001:000357F8       Controls.TControl.DoDragMsg
 0001:000354C0       Controls.TControl.DoEndDock
 0001:000353A8       Controls.TControl.DoEndDrag
 0001:00037674       Controls.TControl.DoMarginChange
 0001:0003550C       Controls.TControl.DoMouseActivate
 0001:0003669C       Controls.TControl.DoMouseDown
 0001:00036A14       Controls.TControl.DoMouseUp
 0001:00035540       Controls.TControl.DoMouseWheel
 0001:00035614       Controls.TControl.DoMouseWheelDown
 0001:00035660       Controls.TControl.DoMouseWheelUp
 0001:000354EC       Controls.TControl.DoStartDock
 0001:00035388       Controls.TControl.DoStartDrag
 0001:00035310       Controls.TControl.DragCanceled
 0001:0003535C       Controls.TControl.DragDrop
 0001:00035314       Controls.TControl.Dragging
 0001:00035320       Controls.TControl.DragOver
 0001:000357D8       Controls.TControl.DrawDragDockImage
 0001:00037470       Controls.TControl.DrawTextBiDiModeFlagsReadingOnly
 0001:000357E8       Controls.TControl.EraseDragDockImage
 0001:00034B6C       Controls.TControl.FontChanged
 0001:00033BA4       Controls.TControl.GetAction
 0001:00037184       Controls.TControl.GetActionLinkClass
 0001:00037688       Controls.TControl.GetAlignWithMargins
 0001:000343DC       Controls.TControl.GetBoundsRect
 0001:0003447C       Controls.TControl.GetClientHeight
 0001:000344BC       Controls.TControl.GetClientOrigin
 0001:00034420       Controls.TControl.GetClientRect
 0001:00034438       Controls.TControl.GetClientWidth
 0001:000351B8       Controls.TControl.GetControlsAlignment
 0001:00034E0C       Controls.TControl.GetDeviceContext
 0001:0003736C       Controls.TControl.GetDockEdge
 0001:00033AE4       Controls.TControl.GetDragImages
 0001:00033AE8       Controls.TControl.GetEnabled
 0001:0003741C       Controls.TControl.GetFloating
 0001:00037448       Controls.TControl.GetFloatingDockSiteClass
 0001:00034D14       Controls.TControl.GetMouseCapture
 0001:00033AF0       Controls.TControl.GetPalette
 0001:00033AFC       Controls.TControl.GetParentComponent
 0001:000367DC       Controls.TControl.GetPopupMenu
 0001:00034ABC       Controls.TControl.GetText
 0001:00034A3C       Controls.TControl.GetTextBuf
 0001:00034A2C       Controls.TControl.GetTextLen
 0001:00034A48       Controls.TControl.GetUndockHeight
 0001:00034A5C       Controls.TControl.GetUndockWidth
 0001:00033AF4       Controls.TControl.HasParent
 0001:0003748C       Controls.TControl.InitiateAction
 0001:00034FCC       Controls.TControl.Invalidate
 0001:00034F40       Controls.TControl.InvalidateControl
 0001:00033CD0       Controls.TControl.IsAnchorsStored
 0001:00034BE0       Controls.TControl.IsBiDiModeStored
 0001:0003718C       Controls.TControl.IsCaptionStored
 0001:00034CA8       Controls.TControl.IsColorStored
 0001:000371AC       Controls.TControl.IsEnabledStored
 0001:00034BC0       Controls.TControl.IsFontStored
 0001:000371EC       Controls.TControl.IsHelpContextStored
 0001:000371CC       Controls.TControl.IsHintStored
 0001:0003722C       Controls.TControl.IsOnClickStored
 0001:00034BD4       Controls.TControl.IsShowHintStored
 0001:0003720C       Controls.TControl.IsVisibleStored
 0001:0003724C       Controls.TControl.Loaded
 0001:000358E8       Controls.TControl.ManualDock
 0001:00035AC8       Controls.TControl.ManualFloat
 0001:00034FE0       Controls.TControl.MouseActivate
 0001:00036664       Controls.TControl.MouseDown
 0001:00036930       Controls.TControl.MouseMove
 0001:000369DC       Controls.TControl.MouseUp
 0001:00035028       Controls.TControl.MouseWheelHandler
 0001:00033DE8       Controls.TControl.Notification
 0001:00033B28       Controls.TControl.PaletteChanged
 0001:00035DA0       Controls.TControl.Perform
 0001:000353D4       Controls.TControl.PositionDockRect
 0001:00037764       Controls.TControl.ReadExplicitHeight
 0001:0003777C       Controls.TControl.ReadExplicitLeft
 0001:0003774C       Controls.TControl.ReadExplicitTop
 0001:00037724       Controls.TControl.ReadExplicitWidth
 0001:000361D4       Controls.TControl.ReadIsControl
 0001:00033D54       Controls.TControl.ReadState
 0001:000350BC       Controls.TControl.Repaint
 0001:00033D24       Controls.TControl.RequestAlign
 0001:00033D34       Controls.TControl.Resize
 0001:00034578       Controls.TControl.ScaleConstraints
 0001:000345FC       Controls.TControl.ScreenToClient
 0001:00034628       Controls.TControl.SendCancelMode
 0001:00034658       Controls.TControl.SendDockNotification
 0001:00033C54       Controls.TControl.SetAction
 0001:00033E40       Controls.TControl.SetAlign
 0001:00037690       Controls.TControl.SetAlignWithMargins
 0001:00033BB4       Controls.TControl.SetAnchors
 0001:00034888       Controls.TControl.SetAutoSize
 0001:00034B50       Controls.TControl.SetBiDiMode
 0001:00033F28       Controls.TControl.SetBounds
 0001:000343FC       Controls.TControl.SetBoundsRect
 0001:00034494       Controls.TControl.SetClientHeight
 0001:00034948       Controls.TControl.SetClientSize
 0001:00034450       Controls.TControl.SetClientWidth
 0001:00034C5C       Controls.TControl.SetColor
 0001:00037644       Controls.TControl.SetConstraints
 0001:00034CF8       Controls.TControl.SetCursor
 0001:00033CE8       Controls.TControl.SetDesignVisible
 0001:00033D20       Controls.TControl.SetDragMode
 0001:00034A14       Controls.TControl.SetEnabled
 0001:00034BB0       Controls.TControl.SetFont
 0001:000341E8       Controls.TControl.SetHeight
 0001:000343A4       Controls.TControl.SetHelpContext
 0001:000343B8       Controls.TControl.SetHelpKeyword
 0001:0003414C       Controls.TControl.SetLeft
 0001:0003767C       Controls.TControl.SetMargins
 0001:00034D24       Controls.TControl.SetMouseCapture
 0001:000348A4       Controls.TControl.SetName
 0001:00034990       Controls.TControl.SetParent
 0001:00034CD4       Controls.TControl.SetParentBiDiMode
 0001:00034CB0       Controls.TControl.SetParentColor
 0001:00033B00       Controls.TControl.SetParentComponent
 0001:00034BE8       Controls.TControl.SetParentFont
 0001:00034C30       Controls.TControl.SetParentShowHint
 0001:00034A70       Controls.TControl.SetPopupMenu
 0001:00034C0C       Controls.TControl.SetShowHint
 0001:00034AEC       Controls.TControl.SetText
 0001:00034A98       Controls.TControl.SetTextBuf
 0001:00034180       Controls.TControl.SetTop
 0001:000349DC       Controls.TControl.SetVisible
 0001:000341B4       Controls.TControl.SetWidth
 0001:00034DE8       Controls.TControl.SetZOrder
 0001:00034D60       Controls.TControl.SetZOrderPosition
 0001:000350A8       Controls.TControl.Update
 0001:00033FC8       Controls.TControl.UpdateAnchorRules
 0001:00035E48       Controls.TControl.UpdateBoundsRect
 0001:000376C0       Controls.TControl.UpdateExplicitBounds
 0001:000351D4       Controls.TControl.UseRightToLeftAlignment
 0001:000351BC       Controls.TControl.UseRightToLeftReading
 0001:000351EC       Controls.TControl.UseRightToLeftScrollBar
 0001:00035E78       Controls.TControl.VisibleChanging
 0001:00036B68       Controls.TControl.WMCancelMode
 0001:000374CC       Controls.TControl.WMContextMenu
 0001:00036788       Controls.TControl.WMLButtonDblClk
 0001:00036720       Controls.TControl.WMLButtonDown
 0001:00036A4C       Controls.TControl.WMLButtonUp
 0001:00036904       Controls.TControl.WMMButtonDblClk
 0001:000368D8       Controls.TControl.WMMButtonDown
 0001:00036AF0       Controls.TControl.WMMButtonUp
 0001:00036964       Controls.TControl.WMMouseMove
 0001:00036B10       Controls.TControl.WMMouseWheel
 0001:0003676C       Controls.TControl.WMNCLButtonDown
 0001:000368AC       Controls.TControl.WMRButtonDblClk
 0001:00036880       Controls.TControl.WMRButtonDown
 0001:00036AD0       Controls.TControl.WMRButtonUp
 0001:00036BA8       Controls.TControl.WMWindowPosChanged
 0001:00035E7C       Controls.TControl.WndProc
 0001:00037704       Controls.TControl.WriteExplicitHeight
 0001:00037714       Controls.TControl.WriteExplicitLeft
 0001:000376F4       Controls.TControl.WriteExplicitTop
 0001:0003773C       Controls.TControl.WriteExplicitWidth
 0001:000361E8       Controls.TControl.WriteIsControl
 0001:000334D0       Controls.TControlActionLink.AssignClient
 0001:000334EC       Controls.TControlActionLink.DoShowHint
 0001:000335DC       Controls.TControlActionLink.IsCaptionLinked
 0001:00033650       Controls.TControlActionLink.IsDropdownMenuLinked
 0001:00033664       Controls.TControlActionLink.IsEnabledLinked
 0001:00033698       Controls.TControlActionLink.IsEnableDropdownLinked
 0001:00033838       Controls.TControlActionLink.IsHelpLinked
 0001:000336AC       Controls.TControlActionLink.IsHintLinked
 0001:00033758       Controls.TControlActionLink.IsOnExecuteLinked
 0001:000336E4       Controls.TControlActionLink.IsPopupMenuLinked
 0001:00033724       Controls.TControlActionLink.IsVisibleLinked
 0001:00033780       Controls.TControlActionLink.SetCaption
 0001:000337A0       Controls.TControlActionLink.SetDropdownMenu
 0001:000337A4       Controls.TControlActionLink.SetEnabled
 0001:000337C4       Controls.TControlActionLink.SetEnableDropdown
 0001:000338C0       Controls.TControlActionLink.SetHelpContext
 0001:000338A0       Controls.TControlActionLink.SetHelpKeyword
 0001:000338E0       Controls.TControlActionLink.SetHelpType
 0001:000337C8       Controls.TControlActionLink.SetHint
 0001:0003380C       Controls.TControlActionLink.SetOnExecute
 0001:00033900       Controls.TControlActionLink.SetPopupMenu
 0001:000337EC       Controls.TControlActionLink.SetVisible
 0001:0003328C       Controls.TControlCanvas.CreateHandle
 0001:00033260       Controls.TControlCanvas.Destroy
 0001:00033334       Controls.TControlCanvas.FreeHandle
 0001:00033368       Controls.TControlCanvas.SetControl
 0001:00033380       Controls.TControlCanvas.UpdateTextFlags
 0001:0003E6B8       Controls.TCustomControl.Create
 0001:0003E714       Controls.TCustomControl.Destroy
 0001:0003E810       Controls.TCustomControl.Paint
 0001:0003E764       Controls.TCustomControl.PaintWindow
 0001:0003E744       Controls.TCustomControl.WMPaint
 0001:000413CC       Controls.TDockTree.ActualSize
 0001:0003F09C       Controls.TDockTree.AdjustDockRect
 0001:00041460       Controls.TDockTree.AdjustFrameRect
 0001:0003F0B4       Controls.TDockTree.BeginUpdate
 0001:000410AC       Controls.TDockTree.ControlVisibilityChanged
 0001:0003EEE0       Controls.TDockTree.Create
 0001:0003F048       Controls.TDockTree.Destroy
 0001:00040CAC       Controls.TDockTree.DrawSizeSplitter
 0001:0003F0B8       Controls.TDockTree.EndUpdate
 0001:0003F768       Controls.TDockTree.FindControlAtPos
 0001:0003F124       Controls.TDockTree.FindControlZone
 0001:0003F18C       Controls.TDockTree.ForEachAt
 0001:0003F1A4       Controls.TDockTree.GetControlBounds
 0001:00040E28       Controls.TDockTree.GetNextLimit
 0001:0003F218       Controls.TDockTree.HitTest
 0001:0003F228       Controls.TDockTree.InsertControl
 0001:0003F444       Controls.TDockTree.InsertNewParent
 0001:0003F5EC       Controls.TDockTree.InsertSibling
 0001:0003F908       Controls.TDockTree.InternalHitTest
 0001:0003F9D8       Controls.TDockTree.LoadFromStream
 0001:000414A0       Controls.TDockTree.MouseDown
 0001:00041654       Controls.TDockTree.MouseMove
 0001:000416A4       Controls.TDockTree.MouseUp
 0001:0003FEA4       Controls.TDockTree.PaintDockFrame
 0001:0003FFF8       Controls.TDockTree.PaintSite
 0001:0004012C       Controls.TDockTree.PositionDockRect
 0001:000402DC       Controls.TDockTree.PruneZone
 0001:00041434       Controls.TDockTree.ReferenceFromOrient
 0001:000413FC       Controls.TDockTree.RelativeSize
 0001:00040338       Controls.TDockTree.RemoveControl
 0001:00040378       Controls.TDockTree.RemoveZone
 0001:00040618       Controls.TDockTree.ResetBounds
 0001:000408CC       Controls.TDockTree.SaveToStream
 0001:00040700       Controls.TDockTree.ScaleZone
 0001:00040B08       Controls.TDockTree.SetNewBounds
 0001:00040B38       Controls.TDockTree.SetReplacingControl
 0001:00040B50       Controls.TDockTree.ShiftZone
 0001:00041718       Controls.TDockTree.ShowHint
 0001:00040B84       Controls.TDockTree.SplitterMouseDown
 0001:00040BE4       Controls.TDockTree.SplitterMouseUp
 0001:00040C60       Controls.TDockTree.UpdateAll
 0001:00040C88       Controls.TDockTree.UpdateZone
 0001:00040C98       Controls.TDockTree.WindowProc
 0001:00041134       Controls.TDockTree.WndProc
 0001:0003F664       Controls.TDockTree.ZoneCaptionHitTest
 0001:0003E854       Controls.TDockZone.Create
 0001:0003EE0C       Controls.TDockZone.ExpandZoneLimit
 0001:0003EED4       Controls.TDockZone.FirstVisibleChild
 0001:0003E878       Controls.TDockZone.GetChildCount
 0001:0003EB5C       Controls.TDockZone.GetControlName
 0001:0003E9FC       Controls.TDockZone.GetHeightWidth
 0001:0003E8E8       Controls.TDockZone.GetLimitBegin
 0001:0003E930       Controls.TDockZone.GetLimitSize
 0001:0003E978       Controls.TDockZone.GetTopLeft
 0001:0003E8B0       Controls.TDockZone.GetVisible
 0001:0003E88C       Controls.TDockZone.GetVisibleChildCount
 0001:0003EDD0       Controls.TDockZone.GetZoneLimit
 0001:0003EEAC       Controls.TDockZone.NextVisible
 0001:0003EEB8       Controls.TDockZone.PrevVisible
 0001:0003EAB4       Controls.TDockZone.ResetChildren
 0001:0003EE4C       Controls.TDockZone.ResetZoneLimits
 0001:0003EBA0       Controls.TDockZone.SetControlName
 0001:0003EDF8       Controls.TDockZone.SetZoneLimit
 0001:0003EC54       Controls.TDockZone.Update
 0001:00031DC8       Controls.TDragControlObject.GetDragCursor
 0001:00031DE0       Controls.TDragControlObject.GetDragImages
 0001:00031DEC       Controls.TDragControlObject.HideDragImage
 0001:00031E0C       Controls.TDragControlObject.ShowDragImage
 0001:00031E2C       Controls.TDragControlObjectEx.BeforeDestruction
 0001:00031F68       Controls.TDragDockObject.AdjustDockRect
 0001:00031EC8       Controls.TDragDockObject.Assign
 0001:00031E30       Controls.TDragDockObject.Create
 0001:00031E98       Controls.TDragDockObject.Destroy
 0001:00031FE4       Controls.TDragDockObject.DrawDragDockImage
 0001:00031F28       Controls.TDragDockObject.EndDrag
 0001:00031FF8       Controls.TDragDockObject.EraseDragDockImage
 0001:0003200C       Controls.TDragDockObject.GetDragCursor
 0001:00032018       Controls.TDragDockObject.GetEraseWhenMoving
 0001:0003201C       Controls.TDragDockObject.GetFrameWidth
 0001:00032024       Controls.TDragDockObjectEx.BeforeDestruction
 0001:0003E4F8       Controls.TDragImageList.BeginDrag
 0001:0003E56C       Controls.TDragImageList.DragLock
 0001:0003E5F4       Controls.TDragImageList.DragMove
 0001:0003E5D0       Controls.TDragImageList.DragUnlock
 0001:0003E668       Controls.TDragImageList.EndDrag
 0001:0003E650       Controls.TDragImageList.HideDragImage
 0001:0003E4D4       Controls.TDragImageList.SetDragCursor
 0001:0003E48C       Controls.TDragImageList.SetDragImage
 0001:0003E638       Controls.TDragImageList.ShowDragImage
 0001:00031D10       Controls.TDragObject.AfterConstruction
 0001:00031ABC       Controls.TDragObject.Assign
 0001:00031D00       Controls.TDragObject.BeforeDestruction
 0001:00031AFC       Controls.TDragObject.Capture
 0001:00031B14       Controls.TDragObject.Finished
 0001:00031C8C       Controls.TDragObject.GetDragCursor
 0001:00031C88       Controls.TDragObject.GetDragImages
 0001:00031B1C       Controls.TDragObject.GetName
 0001:00031CA4       Controls.TDragObject.HideDragImage
 0001:00031CA8       Controls.TDragObject.Instance
 0001:00031CB4       Controls.TDragObject.MainWndProc
 0001:00031B44       Controls.TDragObject.ReleaseCapture
 0001:00031CB0       Controls.TDragObject.ShowDragImage
 0001:00031B58       Controls.TDragObject.WndProc
 0001:0003E140       Controls.THintWindow.ActivateHint
 0001:0003E334       Controls.THintWindow.ActivateHintData
 0001:0003E35C       Controls.THintWindow.CalcHintRect
 0001:0003E0A8       Controls.THintWindow.CMTextChanged
 0001:0003DE54       Controls.THintWindow.Create
 0001:0003DEC0       Controls.THintWindow.CreateParams
 0001:0003E038       Controls.THintWindow.IsHintMsg
 0001:0003E3B8       Controls.THintWindow.NCPaint
 0001:0003DF90       Controls.THintWindow.Paint
 0001:0003E09C       Controls.THintWindow.ReleaseHandle
 0001:0003E448       Controls.THintWindow.ShouldHideHint
 0001:0003DF24       Controls.THintWindow.WMNCHitTest
 0001:0003DF2C       Controls.THintWindow.WMNCPaint
 0001:0003E424       Controls.THintWindow.WMPrint
 0001:00042068       Controls.TMargins.AssignTo
 0001:000420B0       Controls.TMargins.Change
 0001:00042024       Controls.TMargins.Create
 0001:00042228       Controls.TMargins.GetControlBound
 0001:000420C4       Controls.TMargins.InitDefaults
 0001:0004213C       Controls.TMargins.SetControlBounds
 0001:000420E4       Controls.TMargins.SetMargin
 0001:0004180C       Controls.TMouse.Create
 0001:0004189C       Controls.TMouse.CreatePanningWindow
 0001:000418C8       Controls.TMouse.Destroy
 0001:000418F8       Controls.TMouse.GetCapture
 0001:00041900       Controls.TMouse.GetCursorPos
 0001:00041910       Controls.TMouse.GetIsDragging
 0001:0004191C       Controls.TMouse.GetIsPanning
 0001:00041940       Controls.TMouse.GetMouseData
 0001:0004195C       Controls.TMouse.GetNativeData
 0001:0004198C       Controls.TMouse.GetRegisteredData
 0001:000419B4       Controls.TMouse.SetCapture
 0001:000419DC       Controls.TMouse.SetPanningWindow
 0001:000419FC       Controls.TMouse.SettingChanged
 0001:000423EC       Controls.TPadding.InitDefaults
 0001:0003B91C       Controls.TraverseControls
 0003:0000156C       Controls.TreeStreamEndFlag
 0001:000319A0       Controls.TSiteList.AddSite
 0001:00031A24       Controls.TSiteList.Clear
 0001:0003193C       Controls.TSiteList.Find
 0001:00031A58       Controls.TSiteList.GetTopSite
 0001:000333E8       Controls.TSizeConstraints.AssignTo
 0001:000334BC       Controls.TSizeConstraints.Change
 0001:000333AC       Controls.TSizeConstraints.Create
 0001:00033430       Controls.TSizeConstraints.SetConstraints
 0001:0003D4F4       Controls.TWinControl.ActionChange
 0001:00038AA0       Controls.TWinControl.AddBiDiModeExStyle
 0001:00037B38       Controls.TWinControl.AdjustClientRect
 0001:0003CA78       Controls.TWinControl.AdjustSize
 0001:00038404       Controls.TWinControl.AlignControl
 0001:00038300       Controls.TWinControl.AlignControls
 0001:00037B68       Controls.TWinControl.ArrangeControl
 0001:0003D53C       Controls.TWinControl.AssignTo
 0001:0003899C       Controls.TWinControl.Broadcast
 0001:0003D02C       Controls.TWinControl.CalcConstraints
 0001:0003D56C       Controls.TWinControl.CanAutoSize
 0001:0003C834       Controls.TWinControl.CanFocus
 0001:0003CF60       Controls.TWinControl.CanResize
 0001:0003C3F8       Controls.TWinControl.ChangeScale
 0001:0003BC44       Controls.TWinControl.CMBiDiModeChanged
 0001:0003BEA0       Controls.TWinControl.CMBorderChanged
 0001:0003BD1C       Controls.TWinControl.CMChanged
 0001:0003BD30       Controls.TWinControl.CMChildKey
 0001:0003BDFC       Controls.TWinControl.CMColorChanged
 0001:0003BFE0       Controls.TWinControl.CMControlListChange
 0001:0003BFF4       Controls.TWinControl.CMControlListChanging
 0001:0003BEE0       Controls.TWinControl.CMCtl3DChanged
 0001:0003BE60       Controls.TWinControl.CMCursorChanged
 0001:0003BCFC       Controls.TWinControl.CMDesignHitTest
 0001:0003BD4C       Controls.TWinControl.CMDialogChar
 0001:0003BD44       Controls.TWinControl.CMDialogKey
 0001:0003B4D8       Controls.TWinControl.CMDockClient
 0001:0003BF80       Controls.TWinControl.CMDrag
 0001:0003BDB4       Controls.TWinControl.CMEnabledChanged
 0001:0003BC7C       Controls.TWinControl.CMEnter
 0001:0003BCEC       Controls.TWinControl.CMExit
 0001:0003B5F0       Controls.TWinControl.CMFloat
 0001:0003BD54       Controls.TWinControl.CMFocusChanged
 0001:0003BF70       Controls.TWinControl.CMFontChange
 0001:0003BE24       Controls.TWinControl.CMFontChanged
 0001:0003C730       Controls.TWinControl.CMInvalidate
 0001:0003BF20       Controls.TWinControl.CMParentCtl3DChanged
 0001:00039308       Controls.TWinControl.CMRecreateWnd
 0001:0003BC2C       Controls.TWinControl.CMShowHintChanged
 0001:0003BD8C       Controls.TWinControl.CMShowingChanged
 0001:0003BF60       Controls.TWinControl.CMSysColorChange
 0001:0003C008       Controls.TWinControl.CMSysFontChanged
 0001:0003DC4C       Controls.TWinControl.CMTextChanged
 0001:0003BF78       Controls.TWinControl.CMTimeChange
 0001:0003B5C8       Controls.TWinControl.CMUnDockClient
 0001:0003BD5C       Controls.TWinControl.CMVisibleChanged
 0001:0003BF68       Controls.TWinControl.CMWinIniChange
 0001:0003C1F4       Controls.TWinControl.CNChar
 0001:0003C0BC       Controls.TWinControl.CNKeyDown
 0001:0003C1A0       Controls.TWinControl.CNKeyUp
 0001:0003C2A0       Controls.TWinControl.CNSysChar
 0001:0003C244       Controls.TWinControl.CNSysKeyDown
 0001:0003D4B8       Controls.TWinControl.ConstrainedResize
 0001:000386E4       Controls.TWinControl.ContainsControl
 0001:00039730       Controls.TWinControl.ControlAtPos
 0001:0003B37C       Controls.TWinControl.ControlsAligned
 0001:000377C8       Controls.TWinControl.Create
 0001:0003B380       Controls.TWinControl.CreateDockManager
 0001:0003912C       Controls.TWinControl.CreateHandle
 0001:00038B08       Controls.TWinControl.CreateParams
 0001:00038A34       Controls.TWinControl.CreateSubClass
 0001:00038E04       Controls.TWinControl.CreateWindowHandle
 0001:00038C34       Controls.TWinControl.CreateWnd
 0001:000391C4       Controls.TWinControl.CustomAlignInsertBefore
 0001:000391E8       Controls.TWinControl.CustomAlignPosition
 0001:00039F14       Controls.TWinControl.DefaultHandler
 0001:00038FC4       Controls.TWinControl.DefineProperties
 0001:0003790C       Controls.TWinControl.Destroy
 0001:0003927C       Controls.TWinControl.DestroyHandle
 0001:00039080       Controls.TWinControl.DestroyWindowHandle
 0001:00039020       Controls.TWinControl.DestroyWnd
 0001:00038498       Controls.TWinControl.DisableAlign
 0001:0003B110       Controls.TWinControl.DoAddDockClient
 0001:0003B164       Controls.TWinControl.DockDrop
 0001:0003B1E8       Controls.TWinControl.DockOver
 0001:0003DC98       Controls.TWinControl.DockReplaceDockClient
 0001:0003B1B4       Controls.TWinControl.DoDockOver
 0001:0003B124       Controls.TWinControl.DoEnter
 0001:0003B144       Controls.TWinControl.DoExit
 0001:000384C8       Controls.TWinControl.DoFlipChildren
 0001:0003B6A0       Controls.TWinControl.DoKeyDown
 0001:0003B894       Controls.TWinControl.DoKeyPress
 0001:0003B7CC       Controls.TWinControl.DoKeyUp
 0001:0003DCFC       Controls.TWinControl.DoPaddingChange
 0001:0003B120       Controls.TWinControl.DoRemoveDockClient
 0001:0003B22C       Controls.TWinControl.DoUnDock
 0001:000384A0       Controls.TWinControl.EnableAlign
 0001:0003CDA0       Controls.TWinControl.FindNextControl
 0001:000379EC       Controls.TWinControl.FixupTabList
 0001:0003859C       Controls.TWinControl.FlipChildren
 0001:0003C8B0       Controls.TWinControl.Focused
 0001:0003D534       Controls.TWinControl.GetActionLinkClass
 0001:0003CED8       Controls.TWinControl.GetChildren
 0001:0003CA40       Controls.TWinControl.GetClientOrigin
 0001:0003CA60       Controls.TWinControl.GetClientRect
 0001:00038940       Controls.TWinControl.GetControl
 0001:0003897C       Controls.TWinControl.GetControlCount
 0001:0003C90C       Controls.TWinControl.GetControlExtents
 0001:0003C6CC       Controls.TWinControl.GetDeviceContext
 0001:0003B2AC       Controls.TWinControl.GetDockClientCount
 0001:0003B2C0       Controls.TWinControl.GetDockClients
 0001:0003C8F8       Controls.TWinControl.GetHandle
 0001:0003DC04       Controls.TWinControl.GetParentBackground
 0001:0003B2E4       Controls.TWinControl.GetSiteInfo
 0001:0003CB14       Controls.TWinControl.GetTabOrder
 0001:0003CD40       Controls.TWinControl.GetTabOrderList
 0001:0003B340       Controls.TWinControl.GetVisibleDockClientCount
 0001:0003CC7C       Controls.TWinControl.HandleAllocated
 0001:0003C8D4       Controls.TWinControl.HandleNeeded
 0001:00038718       Controls.TWinControl.Insert
 0001:000387AC       Controls.TWinControl.InsertControl
 0001:0003C720       Controls.TWinControl.Invalidate
 0001:0003DC64       Controls.TWinControl.InvalidateDockHostSite
 0001:0003C7FC       Controls.TWinControl.InvalidateFrame
 0001:000397F4       Controls.TWinControl.IsControlActivateMsg
 0001:00039940       Controls.TWinControl.IsControlMouseMsg
 0001:0003CB08       Controls.TWinControl.IsCtl3DStored
 0001:0003C024       Controls.TWinControl.IsMenuKey
 0001:0003DCD8       Controls.TWinControl.IsQualifyingSite
 0001:0003B674       Controls.TWinControl.KeyDown
 0001:0003B874       Controls.TWinControl.KeyPress
 0001:0003B7A0       Controls.TWinControl.KeyUp
 0001:000395EC       Controls.TWinControl.MainWndProc
 0001:000389DC       Controls.TWinControl.Notification
 0001:00038A0C       Controls.TWinControl.NotifyControls
 0001:0003A1E8       Controls.TWinControl.PaintControls
 0001:0003A050       Controls.TWinControl.PaintHandler
 0001:0003A578       Controls.TWinControl.PaintTo
 0001:0003A1C0       Controls.TWinControl.PaintWindow
 0001:0003BB90       Controls.TWinControl.PaletteChanged
 0001:000390E4       Controls.TWinControl.PrecedingWindow
 0001:0003DCA4       Controls.TWinControl.PreProcessMessage
 0001:00038E44       Controls.TWinControl.ReadDesignSize
 0001:00037AC0       Controls.TWinControl.ReadState
 0001:000384C0       Controls.TWinControl.Realign
 0001:000392F0       Controls.TWinControl.RecreateWnd
 0001:0003B288       Controls.TWinControl.ReloadDockedControl
 0001:00038764       Controls.TWinControl.Remove
 0001:000388A0       Controls.TWinControl.RemoveControl
 0001:000386F8       Controls.TWinControl.RemoveFocus
 0001:0003DCA8       Controls.TWinControl.RemoveWindowProps
 0001:0003C7E0       Controls.TWinControl.Repaint
 0001:0003B030       Controls.TWinControl.ResetIme
 0001:0003C3B0       Controls.TWinControl.ScaleControls
 0001:0003C4A4       Controls.TWinControl.ScrollBy
 0001:0003CEAC       Controls.TWinControl.SelectNext
 0001:0003CAC4       Controls.TWinControl.SetBorderWidth
 0001:0003C2D4       Controls.TWinControl.SetBounds
 0001:0003CF20       Controls.TWinControl.SetChildOrder
 0001:0003CAE4       Controls.TWinControl.SetCtl3D
 0001:0003B3EC       Controls.TWinControl.SetDesignVisible
 0001:0003B420       Controls.TWinControl.SetDockSite
 0001:0003C874       Controls.TWinControl.SetFocus
 0001:0003AF00       Controls.TWinControl.SetIme
 0001:0003DD04       Controls.TWinControl.SetPadding
 0001:0003DDD8       Controls.TWinControl.SetParent
 0001:0003DC0C       Controls.TWinControl.SetParentBackground
 0001:00039508       Controls.TWinControl.SetParentWindow
 0001:0003CB94       Controls.TWinControl.SetTabOrder
 0001:0003CBAC       Controls.TWinControl.SetTabStop
 0001:0003CC0C       Controls.TWinControl.SetUseDockManager
 0001:0003C66C       Controls.TWinControl.SetZOrder
 0001:0003C594       Controls.TWinControl.SetZOrderPosition
 0001:0003C57C       Controls.TWinControl.ShowControl
 0001:0003C7C4       Controls.TWinControl.Update
 0001:0003CC88       Controls.TWinControl.UpdateBounds
 0001:0003DD5C       Controls.TWinControl.UpdateControlOriginalParentSize
 0001:000394B8       Controls.TWinControl.UpdateControlState
 0001:0003DD10       Controls.TWinControl.UpdateRecreatingFlag
 0001:00039394       Controls.TWinControl.UpdateShowing
 0001:0003CB38       Controls.TWinControl.UpdateTabOrder
 0001:0003DB2C       Controls.TWinControl.UpdateUIState
 0001:0003B8FC       Controls.TWinControl.WMChar
 0001:0003BA78       Controls.TWinControl.WMCharToItem
 0001:0003AA00       Controls.TWinControl.WMCommand
 0001:0003AAD4       Controls.TWinControl.WMCompareItem
 0001:0003DAB4       Controls.TWinControl.WMContextMenu
 0001:0003AAF8       Controls.TWinControl.WMDeleteItem
 0001:0003BAEC       Controls.TWinControl.WMDestroy
 0001:0003AB1C       Controls.TWinControl.WMDrawItem
 0001:0003AB94       Controls.TWinControl.WMEraseBkgnd
 0001:0003AA74       Controls.TWinControl.WMFontChange
 0001:0003AA94       Controls.TWinControl.WMHScroll
 0001:0003AEEC       Controls.TWinControl.WMIMEEndComp
 0001:0003AED8       Controls.TWinControl.WMIMEStartComp
 0001:0003B748       Controls.TWinControl.WMKeyDown
 0001:0003B834       Controls.TWinControl.WMKeyUp
 0001:0003AEBC       Controls.TWinControl.WMKillFocus
 0001:0003AB40       Controls.TWinControl.WMMeasureItem
 0001:0003AB60       Controls.TWinControl.WMMouseActivate
 0001:0003AD80       Controls.TWinControl.WMMove
 0001:0003D734       Controls.TWinControl.WMNCCalcSize
 0001:0003BB50       Controls.TWinControl.WMNCDestroy
 0001:0003BB6C       Controls.TWinControl.WMNCHitTest
 0001:0003D7C4       Controls.TWinControl.WMNCPaint
 0001:0003AA20       Controls.TWinControl.WMNotify
 0001:0003A7D0       Controls.TWinControl.WMPaint
 0001:0003BC0C       Controls.TWinControl.WMPaletteChanged
 0001:0003BA98       Controls.TWinControl.WMParentNotify
 0001:0003DB78       Controls.TWinControl.WMPrintClient
 0001:0003BBE8       Controls.TWinControl.WMQueryNewPalette
 0001:0003AD9C       Controls.TWinControl.WMSetCursor
 0001:0003AEA0       Controls.TWinControl.WMSetFocus
 0001:0003AD48       Controls.TWinControl.WMSize
 0001:0003AA44       Controls.TWinControl.WMSysColorChange
 0001:0003B9CC       Controls.TWinControl.WMSysCommand
 0001:0003B774       Controls.TWinControl.WMSysKeyDown
 0001:0003B854       Controls.TWinControl.WMSysKeyUp
 0001:0003AA84       Controls.TWinControl.WMTimeChange
 0001:0003BACC       Controls.TWinControl.WMVKeyToItem
 0001:0003AAB4       Controls.TWinControl.WMVScroll
 0001:0003AC34       Controls.TWinControl.WMWindowPosChanged
 0001:0003ACF4       Controls.TWinControl.WMWindowPosChanging
 0001:0003AA60       Controls.TWinControl.WMWinIniChange
 0001:000399F4       Controls.TWinControl.WndProc
 0001:00038E7C       Controls.TWinControl.WriteDesignSize
 0001:00037794       Controls.TWinControlActionLink.AssignClient
 0001:000377B8       Controls.TWinControlActionLink.IsHelpContextLinked
 0001:000377C0       Controls.TWinControlActionLink.SetHelpContext
 0001:00036F74       Controls.UpdateFloatingDockSitePos
 0001:00032094       Controls.ValidDockTarget
 0001:00041CC8       Controls.Win32NLSEnableIME
 0004:00004C10       Controls.WindowAtom
 0004:00004C14       Controls.WindowAtomString
 0003:00001514       Controls.WindowPos
 0001:00040740       Controls.WriteControlName
 0004:00004C78       Controls._ImmGetCompositionString
 0004:00004C5C       Controls._ImmGetContext
 0004:00004C64       Controls._ImmGetConversionStatus
 0004:00004C7C       Controls._ImmIsIME
 0004:00004C80       Controls._ImmNotifyIME
 0004:00004C60       Controls._ImmReleaseContext
 0004:00004C74       Controls._ImmSetCompositionFont
 0004:00004C70       Controls._ImmSetCompositionWindow
 0004:00004C68       Controls._ImmSetConversionStatus
 0004:00004C6C       Controls._ImmSetOpenStatus
 0004:00004C58       Controls._WINNLSEnableIME
 0004:00004B94       Dialogs..03
 0001:00026DDC       Dialogs..TCommonDialog
 0003:000012C0       Dialogs.ButtonCaptions
 0003:00001294       Dialogs.ButtonNames
 0003:00001280       Dialogs.Captions
 0003:00001278       Dialogs.CreationControl
 0002:000004A8       Dialogs.Dialogs
 0001:000273F4       Dialogs.Finalization
 0004:00004B9C       Dialogs.FindMsg
 0004:00004B98       Dialogs.HelpMsg
 0001:000272A0       Dialogs.InitGlobals
 0001:00026F4C       Dialogs.TCommonDialog.Create
 0001:00027048       Dialogs.TCommonDialog.DefaultHandler
[...]
 15670 0001:00004603 15673 0001:00004605 15674 0001:00004607 15675 0001:00004609
 15676 0001:0000460E 15677 0001:00004611 15678 0001:00004614 15679 0001:00004615
 15680 0001:00004617 15683 0001:00004619 15684 0001:0000461B 15685 0001:0000461E
 15687 0001:00004622 15688 0001:00004624 15689 0001:00004626 15690 0001:00004629
 15691 0001:0000462B 15692 0001:0000462E 15693 0001:00004633 15694 0001:00004635
 15695 0001:00004637 15696 0001:00004638 15697 0001:0000463A 15700 0001:0000463C
 15701 0001:0000463E 15702 0001:00004640 15703 0001:00004642 15704 0001:00004647
 15705 0001:00004649 15706 0001:0000464C 15707 0001:00004650 15708 0001:00004654
 15709 0001:00004655 15710 0001:00004657 15713 0001:00004659 15714 0001:0000465B
 15715 0001:0000465D 15716 0001:00004662 15717 0001:00004665 15718 0001:00004668
 15719 0001:00004669 15720 0001:0000466B 15723 0001:0000466D 15724 0001:0000466F
 15725 0001:00004671 15726 0001:00004673 15727 0001:00004678 15728 0001:0000467B
 15729 0001:0000467E 15730 0001:0000467F 15733 0001:00004681 15734 0001:00004682
 15735 0001:00004683 15736 0001:00004684 15737 0001:00004685 15738 0001:00004688
 15776 0001:0000468C 15777 0001:0000468D 15778 0001:00004692 15779 0001:00004693
 15780 0001:00004698 15871 0001:0000469C 15872 0001:0000469E 15873 0001:000046A3
 15892 0001:000046A4 15893 0001:000046A5 15898 0001:000046A6 15899 0001:000046AA
 15900 0001:000046AD 15902 0001:000046AF 15903 0001:000046B3 15904 0001:000046B7
 15906 0001:000046B9 15907 0001:000046BC 15908 0001:000046C0 15910 0001:000046C2
 15911 0001:000046C3 15913 0001:000046C4 15914 0001:000046C7 16782 0001:000046C8
 16783 0001:000046CA 16784 0001:000046CC 16786 0001:000046CF 16793 0001:000046D0
 16794 0001:000046D5 16795 0001:000046D6 16798 0001:000046D8 16799 0001:000046DB
 16800 0001:000046DE 16801 0001:000046E3 16805 0001:000046E8 16806 0001:000046ED
 16810 0001:000046F0 16811 0001:000046F5 16820 0001:000046F8 16821 0001:00004709
 16824 0001:0000470E 16825 0001:00004713 16827 0001:00004717 16828 0001:0000471B
 16829 0001:00004722 16830 0001:0000472C 16833 0001:00004731 16834 0001:00004736
 16836 0001:0000473A 16837 0001:0000473D 16838 0001:00004742 16842 0001:00004745
 16843 0001:0000474B 16844 0001:00004753 16845 0001:0000475A 16847 0001:0000475E
 16848 0001:00004760 16849 0001:00004768 16850 0001:00004773 16851 0001:0000477A
 16854 0001:0000477E 16856 0001:00004787 16857 0001:0000478A 16858 0001:00004793
 16859 0001:000047AC 16860 0001:000047B7 16864 0001:000047BC 16865 0001:000047BE
 16866 0001:000047C8 16867 0001:000047CE 16868 0001:000047D3 16869 0001:000047D6
 16871 0001:000047DA 16872 0001:000047ED 16875 0001:00004804 16879 0001:0000481A
 16880 0001:00004820 16881 0001:00004823 16882 0001:00004825 16885 0001:00004828
 16888 0001:00004841 16890 0001:00004847 16891 0001:0000484B 16892 0001:0000484E
 16893 0001:0000485B 16892 0001:00004872 16895 0001:00004875 16896 0001:0000487A
 16905 0001:00004884 16906 0001:00004885 16907 0001:00004889 16908 0001:0000488E
 16988 0001:00004890 16989 0001:00004892 16990 0001:00004894 16993 0001:00004896
 16996 0001:0000489C 16997 0001:000048A0 17000 0001:000048A2 17001 0001:000048A3
 17004 0001:000048A5 17005 0001:000048A7 17006 0001:000048AA 17009 0001:000048AE
 17010 0001:000048B0 17011 0001:000048B2 17012 0001:000048B5 17013 0001:000048B7
 17014 0001:000048B9 17015 0001:000048BB 17018 0001:000048C0 17019 0001:000048C3
 17020 0001:000048C8 17022 0001:000048C9 17031 0001:000048CC 17032 0001:000048CD
 17036 0001:000048CF 17037 0001:000048D1 17038 0001:000048D3 17041 0001:000048D7
 17042 0001:000048D9 17043 0001:000048DB 17044 0001:000048DF 17045 0001:000048E1
 17046 0001:000048E2 17047 0001:000048E3 17048 0001:000048E5 17049 0001:000048E8
 17050 0001:000048ED 17051 0001:000048EE 17054 0001:000048EF 17056 0001:000048F1
 17057 0001:000048F2 17284 0001:000048F4 17285 0001:000048F7 17286 0001:00004904
 17287 0001:0000490E 17289 0001:00004914 17290 0001:00004916 17306 0001:0000491C
 17307 0001:00004921 17461 0001:00004924 17462 0001:0000492E 17464 0001:00004934
 17465 0001:00004947 17466 0001:00004955 17467 0001:00004959 17469 0001:0000495F
 17470 0001:00004962 17475 0001:0000496C 17476 0001:00004971 17477 0001:00004977
 17479 0001:0000497B 17483 0001:0000498A 17484 0001:00004993 17486 0001:00004995
 17477 0001:00004997 17488 0001:0000499B 17489 0001:0000499D 17564 0001:000049A4
 17565 0001:000049A6 17567 0001:000049AA 17566 0001:000049B2 17568 0001:000049BE
 17578 0001:000049C4 17579 0001:000049D6 17580 0001:000049DC 17581 0001:000049E9
 17583 0001:000049EF 17584 0001:000049FF 17587 0001:00004A19 17588 0001:00004A2D
 17592 0001:00004A32 17594 0001:00004A3A 17595 0001:00004A47 17596 0001:00004A54
 17597 0001:00004A5D 17598 0001:00004A67 17600 0001:00004A72 17602 0001:00004A78
 17603 0001:00004A7D 17606 0001:00004A96 17607 0001:00004AA0 17608 0001:00004AB2
 17610 0001:00004AC7 17611 0001:00004ADD 17612 0001:00004AE3 17614 0001:00004AEC
 17615 0001:00004B05 17616 0001:00004B0D 17617 0001:00004B2C 17618 0001:00004B3B
 17604 0001:00004B3D 17620 0001:00004B46 17621 0001:00004B5A 17622 0001:00004B88
 17623 0001:00004B96 17624 0001:00004BA9 17625 0001:00004BAD 17628 0001:00004C0B
 17629 0001:00004C19 17630 0001:00004C20 17631 0001:00004C30 17632 0001:00004C50
 17633 0001:00004C6E 17634 0001:00004C72 17636 0001:00004C83 17638 0001:00004C94
 17639 0001:00004CA9 17640 0001:00004CBC 17641 0001:00004CBE 17643 0001:00004CDB
 17644 0001:00004CF3 17645 0001:00004D03 17647 0001:00004D11 17649 0001:00004D12
 17651 0001:00004D18 17652 0001:00004D2E 17654 0001:00004D40 17657 0001:00004D4A
 17658 0001:00004D66 17659 0001:00004D78 17662 0001:00004D7C 17663 0001:00004D80
 17664 0001:00004D9C 17669 0001:00004DAE 17708 0001:00004DF8 17709 0001:00004DFD
 17713 0001:00004E00 17714 0001:00004E05 17719 0001:00004E08 17720 0001:00004E0B
 17721 0001:00004E15 17722 0001:00004E1D 17723 0001:00004E20 17724 0001:00004E25
 17729 0001:00004E28 17730 0001:00004E2E 17731 0001:00004E34 17733 0001:00004E3F
 17734 0001:00004E4B 17737 0001:00004E59 17738 0001:00004E5B 17740 0001:00004E5F
 17742 0001:00004E6C 17743 0001:00004E6E 17744 0001:00004E72 17745 0001:00004E7E
 17747 0001:00004E80 17738 0001:00004E82 17750 0001:00004E86 17755 0001:00004E8C
 17756 0001:00004E98 17757 0001:00004EA0 17759 0001:00004EA6 17760 0001:00004EB4
 17763 0001:00004ECC 17764 0001:00004ED1 17757 0001:00004ED9 17769 0001:00004EDF
 17773 0001:00004EE8 17774 0001:00004EF0 17775 0001:00004EF5 17780 0001:00004EF8
 17781 0001:00004EFF 17782 0001:00004F0D 17784 0001:00004F25 17785 0001:00004F30
 17788 0001:00004F3C 17789 0001:00004F41 17791 0001:00004F45 17793 0001:00004F4C
 17794 0001:00004F53 17796 0001:00004F55 17789 0001:00004F57 17800 0001:00004F63
 17817 0001:00004F68 17818 0001:00004F6A 17819 0001:00004F6C 17820 0001:00004F6E
 17821 0001:00004F74 17822 0001:00004F75 17823 0001:00004F76 17824 0001:00004F78
 17825 0001:00004F7B 17827 0001:00004F7C 17860 0001:00004F80 17861 0001:00004F82
 17862 0001:00004F84 17863 0001:00004F85 17864 0001:00004F86 17865 0001:00004F88
 17866 0001:00004F89 17867 0001:00004F8C 17868 0001:00004F8D 17869 0001:00004F8F
 17870 0001:00004F91 17871 0001:00004F93 17872 0001:00004F95 17874 0001:00004F96
 17875 0001:00004F98 17876 0001:00004F99 17877 0001:00004F9C 17881 0001:00004F9D
 17882 0001:00004F9F 17883 0001:00004FA1 17884 0001:00004FA3 17885 0001:00004FA5
 17886 0001:00004FA7 17887 0001:00004FA8 17889 0001:00004FAB 17911 0001:00004FAC
 17912 0001:00004FAE 17913 0001:00004FB4 17914 0001:00004FB5 17915 0001:00004FB7
 17916 0001:00004FB9 17917 0001:00004FBA 17918 0001:00004FBB 17919 0001:00004FBC
 17920 0001:00004FBE 17921 0001:00004FC0 17922 0001:00004FC2 17923 0001:00004FC4
 17924 0001:00004FC6 17925 0001:00004FCB 17926 0001:00004FCD 17927 0001:00004FCF
 17928 0001:00004FD1 17929 0001:00004FD2 17930 0001:00004FD4 17931 0001:00004FD7
 17932 0001:00004FD8 17933 0001:00004FDA 17934 0001:00004FDB 17939 0001:00004FDC
 17940 0001:00004FE6 17945 0001:00004FE8 17946 0001:00004FF1 17950 0001:00004FF4
 17951 0001:00004FFA 17952 0001:00005001 17958 0001:00005004 17959 0001:00005009
 17960 0001:00005010 17963 0001:00005014 17964 0001:0000501B 17965 0001:0000502C
 17967 0001:00005030 17968 0001:00005035 17971 0001:0000503C 17972 0001:00005042
 17973 0001:0000504B 17976 0001:00005050 17977 0001:00005058 17978 0001:00005063
 17979 0001:00005067 17980 0001:00005070 18127 0001:00005078 18128 0001:00005086
 18129 0001:00005088 18130 0001:00005092 18131 0001:00005094 18132 0001:00005096
 18136 0001:000050A0 18137 0001:000050A7 18138 0001:000050A8 18140 0001:000050AD
 18141 0001:000050B0 18143 0001:000050B3 18145 0001:000050BB 18147 0001:000050C3
 18148 0001:000050CE 18149 0001:000050DD 18150 0001:000050E7 18154 0001:000050EC
 18156 0001:000050F4 18157 0001:000050FF 18158 0001:00005109 18134 0001:0000510C
 18161 0001:00005116 18162 0001:0000511F 18166 0001:00005125 18168 0001:0000512A
 18169 0001:00005131 18170 0001:00005132 18172 0001:00005137 18173 0001:0000513F
 18174 0001:00005140 18176 0001:00005141 18166 0001:00005142 18179 0001:00005147
 18180 0001:0000514A 18198 0001:00005154 18199 0001:00005165 18201 0001:0000516B
 18202 0001:00005170 18204 0001:00005175 18205 0001:0000517C 18206 0001:0000517E
 18207 0001:00005180 18211 0001:0000518C 18212 0001:00005193 18213 0001:00005194
 18215 0001:00005199 18216 0001:000051A2 18217 0001:000051A5 18219 0001:000051AA
 18220 0001:000051B1 18221 0001:000051B2 18222 0001:000051C0 18223 0001:000051C9
 18225 0001:000051D6 18226 0001:000051DD 18227 0001:000051DE 18229 0001:000051EC
 18232 0001:00005201 18233 0001:00005208 18209 0001:00005209 18235 0001:00005217
 18236 0001:00005220 18240 0001:0000522B 18242 0001:00005230 18243 0001:00005237
 18244 0001:00005238 18246 0001:0000523D 18247 0001:00005242 18248 0001:00005245
 18250 0001:0000524A 18251 0001:00005251 18252 0001:00005252 18253 0001:0000525A
 18255 0001:0000525F 18256 0001:00005266 18257 0001:00005267 18259 0001:0000526F
 18240 0001:00005270 18262 0001:00005275 18263 0001:00005279 18269 0001:00005284
 18270 0001:000052A4 18271 0001:000052AC 18272 0001:000052B7 18274 0001:000052C9
 18275 0001:000052F6 18276 0001:000052FA 18278 0001:00005307 18279 0001:0000530F
 18280 0001:0000531A 18286 0001:00005340 18287 0001:00005360 18288 0001:00005368
 18289 0001:0000536C 18291 0001:00005386 18292 0001:000053B1 18293 0001:000053B5
 18295 0001:000053C2 18296 0001:000053CA 18297 0001:000053D5 18300 0001:000053F8
 18301 0001:00005411 18302 0001:00005425 18575 0001:00005448 18576 0001:00005455
 18577 0001:00005459 18578 0001:00005462 18582 0001:0000548C 18583 0001:00005496
 18690 0001:000054A0 18762 0001:000054A8 18763 0001:000054CB 18764 0001:000054D5
 18771 0001:000054DF 18773 0001:000054E4

Line numbers for System(C:\builds\Tp\rtl\sys\system.pas) segment .itext

 18722 0002:00000000 18723 0002:0000000D 18728 0002:00000012 18730 0002:00000019
 18731 0002:00000023 18740 0002:0000002D 18743 0002:00000034 18746 0002:0000003E
 18748 0002:0000004C 18750 0002:00000051 18751 0002:0000005A 18752 0002:00000063
 18755 0002:0000006C 18756 0002:00000076 18757 0002:00000080 18759 0002:0000008A
 18761 0002:00000094

Line numbers for SysInit(SysInit.pas) segment .text

    92 0001:00005508    95 0001:00005510   107 0001:00005518   110 0001:00005520
   121 0001:00005528   122 0001:00005530   278 0001:00005534   279 0001:00005539
   286 0001:0000553C   287 0001:0000553D   288 0001:00005544   292 0001:00005548
   293 0001:0000555B   294 0001:00005562   295 0001:00005566   297 0001:00005572
   298 0001:0000557E   354 0001:00005580   355 0001:00005586   356 0001:0000558B
   357 0001:0000558D   358 0001:0000558F   359 0001:00005596   360 0001:00005599
   363 0001:0000559A   364 0001:0000559F   365 0001:000055A4   366 0001:000055A5
   367 0001:000055AA   368 0001:000055AC   369 0001:000055AE   372 0001:000055AF
   373 0001:000055B4   376 0001:000055B5   377 0001:000055B6   378 0001:000055BB
   379 0001:000055BD   380 0001:000055BF   418 0001:000055C0   419 0001:000055CA
   656 0001:000055CC   657 0001:000055CF   658 0001:000055D6   659 0001:000055E2
   660 0001:000055EC   661 0001:000055F3   662 0001:000055FA   663 0001:000055FF
   664 0001:0000560B   835 0001:0000563B

Line numbers for SysConst(C:\builds\Tp\rtl\sys\sysconst.pas) segment .text

   184 0001:00000000

Line numbers for RTLConsts(C:\builds\Tp\rtl\common\i18n\de\RTLConsts.pas) segment .text

   320 0001:00000000

Line numbers for HelpIntfs(C:\builds\Tp\rtl\common\i18n\de\HelpIntfs.pas) segment .text

   287 0001:0001A824   288 0001:0001A827   289 0001:0001A830   290 0001:0001A84F
   301 0001:0001A854   302 0001:0001A868   303 0001:0001A86D   304 0001:0001A880
   305 0001:0001A88A   317 0001:0001A8A4   318 0001:0001A8BF   319 0001:0001A8C9
   320 0001:0001A8D7   325 0001:0001A8F8   326 0001:0001A910   327 0001:0001A91A
   328 0001:0001A92C   329 0001:0001A93E   330 0001:0001A949   331 0001:0001A953
   337 0001:0001A974   338 0001:0001A985   340 0001:0001A99E   341 0001:0001A9B6
   342 0001:0001A9C1   343 0001:0001A9C9   338 0001:0001A9CC   345 0001:0001A9D1
   346 0001:0001A9DA   348 0001:0001A9E5   349 0001:0001A9F0   350 0001:0001A9FB
   351 0001:0001AA09   357 0001:0001AA1C   358 0001:0001AA3F   359 0001:0001AA51
   360 0001:0001AA5D   361 0001:0001AA6B   363 0001:0001AA79   364 0001:0001AA94
   366 0001:0001AAA2   367 0001:0001AAA8   368 0001:0001AABF   373 0001:0001AB04
   377 0001:0001AB0D   378 0001:0001AB26   377 0001:0001AB3F   379 0001:0001AB44
   387 0001:0001AB48   388 0001:0001AB68   389 0001:0001AB77   391 0001:0001AB85
   393 0001:0001AB9E   394 0001:0001ABAF   395 0001:0001ABBE   396 0001:0001ABDA
   391 0001:0001ABDD   398 0001:0001ABE2   401 0001:0001ABED   403 0001:0001AC01
   407 0001:0001AC16   408 0001:0001AC21   409 0001:0001AC32   412 0001:0001AC55
   415 0001:0001AC65   416 0001:0001AC6B   418 0001:0001AC75   419 0001:0001AC8B
   426 0001:0001ACB8   427 0001:0001ACDB   429 0001:0001ACDF   430 0001:0001ACE5
   435 0001:0001ACF3   437 0001:0001AD0C   440 0001:0001AD37   441 0001:0001AD51
   443 0001:0001AD53   435 0001:0001AD56   444 0001:0001AD5B   459 0001:0001AD94
   462 0001:0001ADBA   463 0001:0001ADC0   468 0001:0001ADCE   470 0001:0001ADDE
   472 0001:0001ADED   473 0001:0001ADFB   475 0001:0001AE14   476 0001:0001AE25
   477 0001:0001AE36   478 0001:0001AE3C   479 0001:0001AE47   473 0001:0001AE4A
   482 0001:0001AE4F   483 0001:0001AE58   485 0001:0001AE88   486 0001:0001AE91
   490 0001:0001AEAB   491 0001:0001AEBA   497 0001:0001AEC8   499 0001:0001AEE2
   500 0001:0001AEF0   502 0001:0001AF01   504 0001:0001AF07   505 0001:0001AF15
   506 0001:0001AF2D   505 0001:0001AF4C   508 0001:0001AF5E   511 0001:0001AF6E
   497 0001:0001AF71   513 0001:0001AF7A   515 0001:0001AF83   518 0001:0001AF8E
   522 0001:0001AF9F   524 0001:0001AFA5   525 0001:0001AFB3   526 0001:0001AFC1
   535 0001:0001AFD1   536 0001:0001AFDE   537 0001:0001AFEB   540 0001:0001B006
   544 0001:0001B023   547 0001:0001B033   565 0001:0001B060   566 0001:0001B083
   567 0001:0001B0A2   568 0001:0001B0C0   570 0001:0001B0FC   571 0001:0001B12E
   573 0001:0001B133   574 0001:0001B139   577 0001:0001B147   578 0001:0001B153
   586 0001:0001B16B   588 0001:0001B184   589 0001:0001B19D   591 0001:0001B1BF
   592 0001:0001B1C2   594 0001:0001B1C8   586 0001:0001B1CB   597 0001:0001B1D0
   598 0001:0001B1D6   600 0001:0001B1EC   602 0001:0001B1F2   606 0001:0001B204
   608 0001:0001B211   609 0001:0001B224   611 0001:0001B22E   612 0001:0001B23D
   613 0001:0001B24B   615 0001:0001B264   616 0001:0001B275   617 0001:0001B283
   619 0001:0001B2A5   621 0001:0001B2C1   613 0001:0001B2C4   622 0001:0001B2C9
   623 0001:0001B2D7   625 0001:0001B2DD   626 0001:0001B2EB   627 0001:0001B2F9
   631 0001:0001B319   634 0001:0001B333   639 0001:0001B343   643 0001:0001B352
   646 0001:0001B35F   649 0001:0001B3CC   650 0001:0001B3D3   651 0001:0001B3DB
   658 0001:0001B3E0   659 0001:0001B406   660 0001:0001B40C   662 0001:0001B41A
   663 0001:0001B426   665 0001:0001B43C   667 0001:0001B455   668 0001:0001B46E
   669 0001:0001B47E   671 0001:0001B48D   672 0001:0001B498   674 0001:0001B49A
   665 0001:0001B49D   675 0001:0001B4A2   678 0001:0001B4DC   679 0001:0001B4FE
   680 0001:0001B50C   684 0001:0001B530   685 0001:0001B555   686 0001:0001B55B
   687 0001:0001B569   689 0001:0001B584   693 0001:0001B594   695 0001:0001B5A4
   697 0001:0001B5AE   699 0001:0001B5B8   701 0001:0001B5CF   702 0001:0001B5D3
   712 0001:0001B5FC   713 0001:0001B622   714 0001:0001B626   718 0001:0001B62A
   719 0001:0001B630   723 0001:0001B63E   725 0001:0001B65B   727 0001:0001B674
   730 0001:0001B682   732 0001:0001B69D   733 0001:0001B6A8   736 0001:0001B6B2
   738 0001:0001B6C1   739 0001:0001B6C5   744 0001:0001B6D9   745 0001:0001B6DF
   747 0001:0001B6F2   723 0001:0001B6F5   748 0001:0001B6FE   753 0001:0001B73C
   754 0001:0001B745   755 0001:0001B74E   758 0001:0001B758   759 0001:0001B764
   760 0001:0001B772   766 0001:0001B778   767 0001:0001B784   769 0001:0001B796
   771 0001:0001B7AC   772 0001:0001B7BA   774 0001:0001B7BC   767 0001:0001B7BF
   776 0001:0001B7C5   778 0001:0001B7D7   780 0001:0001B7E8   782 0001:0001B7F3
   783 0001:0001B801   784 0001:0001B809   786 0001:0001B80B   776 0001:0001B80E
   787 0001:0001B814

Line numbers for HelpIntfs(C:\builds\Tp\rtl\common\i18n\de\HelpIntfs.pas) segment .itext

   789 0002:0000028C

Line numbers for Consts(C:\builds\Tp\vcl\i18n\de\Consts.pas) segment .text

   349 0001:00000000

Line numbers for ExtCtrls(C:\builds\Tp\vcl\i18n\de\ExtCtrls.pas) segment .text

  2209 0001:00026B28  2210 0001:00026B43  2211 0001:00026B50  2212 0001:00026B57
  2214 0001:00026B61  2219 0001:00026B75  2222 0001:00026B94  2223 0001:00026BA5
  2224 0001:00026BAC  2226 0001:00026BB4  2231 0001:00026BBF  2232 0001:00026BCD
  2235 0001:00026BE0  2237 0001:00026BEF  2238 0001:00026BFA  2239 0001:00026C08
  2241 0001:00026C23  2244 0001:00026C39  2245 0001:00026C5F  2248 0001:00026C68
  2249 0001:00026C84  2250 0001:00026C92  2251 0001:00026CAE  2252 0001:00026CC9
  2253 0001:00026CEA  2256 0001:00026D0C  2257 0001:00026D18  2259 0001:00026D23
  2260 0001:00026D2C  2262 0001:00026D34  2265 0001:00026D38  2266 0001:00026D44
  2268 0001:00026D4F  2269 0001:00026D58  2271 0001:00026D60  2274 0001:00026D64
  2275 0001:00026D6B  2276 0001:00026D7A  2277 0001:00026D82  2280 0001:00026D88
  2281 0001:00026D90  2282 0001:00026DA6

Line numbers for ExtCtrls(C:\builds\Tp\vcl\i18n\de\ExtCtrls.pas) segment .itext

  8140 0002:00000464  8141 0002:0000046D  8142 0002:00000477  8143 0002:00000487
  8145 0002:00000496

Line numbers for Unit1(Unit1.pas) segment .text

    41 0001:0005406C    42 0001:00054075    43 0001:00054082    44 0001:00054094
    45 0001:000540A1    46 0001:000540AE    49 0001:000540B4    50 0001:000540B7
    51 0001:000540C4    53 0001:000540CE    55 0001:000540DA    58 0001:000540DC
    59 0001:000540DF    60 0001:000540EB    61 0001:000540FD    64 0001:00054100
    65 0001:00054103    66 0001:0005410F    67 0001:00054121    70 0001:00054124
    71 0001:00054127    72 0001:00054133    73 0001:00054145    77 0001:00054148
    78 0001:00054152    84 0001:00054154    85 0001:00054164    90 0001:00054168
    91 0001:00054178    93 0001:000541A7

Line numbers for Zeitsteuerung(C:\Delphi\Test\Zeitsteuerung\Zeitsteuerung.dpr) segment .itext

     9 0002:0000070C    10 0002:0000071C    11 0002:00000728    12 0002:00000736
    13 0002:0000074E    14 0002:0000075A

Bound resource files

c:\program files\codegear\rad studio\5.0\lib\Controls.res
Unit1.dfm
Zeitsteuerung.res
Zeitsteuerung.drf


Program entry point at 0002:0000070C
